[0.018s] Invoking command in '/home/shreyas/ros2_ws/build/my_robot_description': CMAKE_PREFIX_PATH=${CMAKE_PREFIX_PATH}:/opt/ros/jazzy DEBUGINFOD_URLS=https://debuginfod.ubuntu.com /usr/bin/cmake --build /home/shreyas/ros2_ws/build/my_robot_description -- -j8 -l8
[0.052s] -- Found ament_cmake: 2.5.4 (/opt/ros/jazzy/share/ament_cmake/cmake)
[0.424s] -- Configuring done (0.4s)
[0.430s] -- Generating done (0.0s)
[0.433s] -- Build files have been written to: /home/shreyas/ros2_ws/build/my_robot_description
[0.459s] Invoked command in '/home/shreyas/ros2_ws/build/my_robot_description' returned '0': CMAKE_PREFIX_PATH=${CMAKE_PREFIX_PATH}:/opt/ros/jazzy DEBUGINFOD_URLS=https://debuginfod.ubuntu.com /usr/bin/cmake --build /home/shreyas/ros2_ws/build/my_robot_description -- -j8 -l8
[0.469s] Invoking command in '/home/shreyas/ros2_ws/build/my_robot_description': CMAKE_PREFIX_PATH=${CMAKE_PREFIX_PATH}:/opt/ros/jazzy DEBUGINFOD_URLS=https://debuginfod.ubuntu.com /usr/bin/cmake --install /home/shreyas/ros2_ws/build/my_robot_description
[0.478s] -- Install configuration: ""
[0.478s] -- Up-to-date: /home/shreyas/ros2_ws/install/my_robot_description/share/my_robot_description//urdf
[0.478s] -- Up-to-date: /home/shreyas/ros2_ws/install/my_robot_description/share/my_robot_description//urdf/common_properties.xacro
[0.478s] -- Up-to-date: /home/shreyas/ros2_ws/install/my_robot_description/share/my_robot_description//urdf/arm.xacro
[0.478s] -- Installing: /home/shreyas/ros2_ws/install/my_robot_description/share/my_robot_description//urdf/camera.xacro
[0.478s] -- Up-to-date: /home/shreyas/ros2_ws/install/my_robot_description/share/my_robot_description//urdf/arm_gazebo.xacro
[0.478s] -- Up-to-date: /home/shreyas/ros2_ws/install/my_robot_description/share/my_robot_description//urdf/hruh.xacro
[0.478s] -- Up-to-date: /home/shreyas/ros2_ws/install/my_robot_description/share/my_robot_description//urdf/mobile_base_gazebo.xacro
[0.479s] -- Up-to-date: /home/shreyas/ros2_ws/install/my_robot_description/share/my_robot_description//urdf/mobile_base.xacro
[0.479s] -- Installing: /home/shreyas/ros2_ws/install/my_robot_description/share/my_robot_description//urdf/my_robot.urdf.xacro
[0.479s] -- Up-to-date: /home/shreyas/ros2_ws/install/my_robot_description/share/my_robot_description//launch
[0.479s] -- Installing: /home/shreyas/ros2_ws/install/my_robot_description/share/my_robot_description//launch/my_robot.launch.xml
[0.479s] -- Up-to-date: /home/shreyas/ros2_ws/install/my_robot_description/share/my_robot_description//launch/display.launch.py
[0.479s] -- Up-to-date: /home/shreyas/ros2_ws/install/my_robot_description/share/my_robot_description//launch/display.launch.xml
[0.479s] -- Up-to-date: /home/shreyas/ros2_ws/install/my_robot_description/share/my_robot_description//launch/my_robot.launch.py
[0.479s] -- Up-to-date: /home/shreyas/ros2_ws/install/my_robot_description/share/my_robot_description//rviz
[0.479s] -- Up-to-date: /home/shreyas/ros2_ws/install/my_robot_description/share/my_robot_description//rviz/urdf_config.rviz
[0.479s] -- Up-to-date: /home/shreyas/ros2_ws/install/my_robot_description/share/my_robot_description//worlds
[0.479s] -- Up-to-date: /home/shreyas/ros2_ws/install/my_robot_description/share/my_robot_description//worlds/test_world.sdf
[0.480s] -- Up-to-date: /home/shreyas/ros2_ws/install/my_robot_description/share/my_robot_description//worlds/my_world.sdf
[0.480s] -- Up-to-date: /home/shreyas/ros2_ws/install/my_robot_description/share/my_robot_description//worlds/my_world.world
[0.480s] -- Up-to-date: /home/shreyas/ros2_ws/install/my_robot_description/share/my_robot_description//config
[0.480s] -- Up-to-date: /home/shreyas/ros2_ws/install/my_robot_description/share/my_robot_description//config/controllers.yaml
[0.480s] -- Installing: /home/shreyas/ros2_ws/install/my_robot_description/share/my_robot_description//config/gazebo_bridge.yaml
[0.480s] -- Up-to-date: /home/shreyas/ros2_ws/install/my_robot_description/share/my_robot_description//config/ros2_controllers.yaml
[0.480s] -- Up-to-date: /home/shreyas/ros2_ws/install/my_robot_description/share/my_robot_description//meshes
[0.481s] -- Up-to-date: /home/shreyas/ros2_ws/install/my_robot_description/share/my_robot_description//meshes/neck
[0.481s] -- Up-to-date: /home/shreyas/ros2_ws/install/my_robot_description/share/my_robot_description//meshes/neck/neck.STL
[0.481s] -- Up-to-date: /home/shreyas/ros2_ws/install/my_robot_description/share/my_robot_description//meshes/right_arm
[0.481s] -- Up-to-date: /home/shreyas/ros2_ws/install/my_robot_description/share/my_robot_description//meshes/right_arm/right_finger3_lower.stl
[0.481s] -- Up-to-date: /home/shreyas/ros2_ws/install/my_robot_description/share/my_robot_description//meshes/right_arm/right_finger1_upper.stl
[0.481s] -- Up-to-date: /home/shreyas/ros2_ws/install/my_robot_description/share/my_robot_description//meshes/right_arm/right_S_to_Bisecp.stl
[0.481s] -- Up-to-date: /home/shreyas/ros2_ws/install/my_robot_description/share/my_robot_description//meshes/right_arm/right_finger4_middle.stl
[0.481s] -- Up-to-date: /home/shreyas/ros2_ws/install/my_robot_description/share/my_robot_description//meshes/right_arm/right_Bisecp_lower.stl
[0.482s] -- Up-to-date: /home/shreyas/ros2_ws/install/my_robot_description/share/my_robot_description//meshes/right_arm/right_finger4_lower.stl
[0.482s] -- Up-to-date: /home/shreyas/ros2_ws/install/my_robot_description/share/my_robot_description//meshes/right_arm/right_thomb_upper.stl
[0.482s] -- Up-to-date: /home/shreyas/ros2_ws/install/my_robot_description/share/my_robot_description//meshes/right_arm/right_finger2_lower.stl
[0.482s] -- Up-to-date: /home/shreyas/ros2_ws/install/my_robot_description/share/my_robot_description//meshes/right_arm/right_elbow_outword.stl
[0.482s] -- Up-to-date: /home/shreyas/ros2_ws/install/my_robot_description/share/my_robot_description//meshes/right_arm/right_palm.stl
[0.482s] -- Up-to-date: /home/shreyas/ros2_ws/install/my_robot_description/share/my_robot_description//meshes/right_arm/right_S_to_C.stl
[0.482s] -- Up-to-date: /home/shreyas/ros2_ws/install/my_robot_description/share/my_robot_description//meshes/right_arm/right_forarm_cover.stl
[0.482s] -- Up-to-date: /home/shreyas/ros2_ws/install/my_robot_description/share/my_robot_description//meshes/right_arm/right_finger1_lower.stl
[0.482s] -- Up-to-date: /home/shreyas/ros2_ws/install/my_robot_description/share/my_robot_description//meshes/right_arm/right_wrist.stl
[0.482s] -- Up-to-date: /home/shreyas/ros2_ws/install/my_robot_description/share/my_robot_description//meshes/right_arm/right_elbow_middle.stl
[0.482s] -- Up-to-date: /home/shreyas/ros2_ws/install/my_robot_description/share/my_robot_description//meshes/right_arm/right_bisecp_uper.stl
[0.482s] -- Up-to-date: /home/shreyas/ros2_ws/install/my_robot_description/share/my_robot_description//meshes/right_arm/right_elbow_to_forarm_upper.stl
[0.482s] -- Up-to-date: /home/shreyas/ros2_ws/install/my_robot_description/share/my_robot_description//meshes/right_arm/right_finger3_upper.stl
[0.483s] -- Up-to-date: /home/shreyas/ros2_ws/install/my_robot_description/share/my_robot_description//meshes/right_arm/right_thomb_to_palm.stl
[0.483s] -- Up-to-date: /home/shreyas/ros2_ws/install/my_robot_description/share/my_robot_description//meshes/right_arm/right_forarm_internal_support.stl
[0.483s] -- Up-to-date: /home/shreyas/ros2_ws/install/my_robot_description/share/my_robot_description//meshes/right_arm/right_finger1_middle.stl
[0.483s] -- Up-to-date: /home/shreyas/ros2_ws/install/my_robot_description/share/my_robot_description//meshes/right_arm/right_elbow_inword.stl
[0.483s] -- Up-to-date: /home/shreyas/ros2_ws/install/my_robot_description/share/my_robot_description//meshes/right_arm/right_thomb_midle.stl
[0.483s] -- Up-to-date: /home/shreyas/ros2_ws/install/my_robot_description/share/my_robot_description//meshes/right_arm/.stl
[0.483s] -- Up-to-date: /home/shreyas/ros2_ws/install/my_robot_description/share/my_robot_description//meshes/right_arm/right_finger4_upper.stl
[0.483s] -- Up-to-date: /home/shreyas/ros2_ws/install/my_robot_description/share/my_robot_description//meshes/right_arm/right_finger2_middle.stl
[0.483s] -- Up-to-date: /home/shreyas/ros2_ws/install/my_robot_description/share/my_robot_description//meshes/right_arm/right_forarm_lower_1.stl
[0.483s] -- Up-to-date: /home/shreyas/ros2_ws/install/my_robot_description/share/my_robot_description//meshes/right_arm/right_finger2_upper.stl
[0.483s] -- Up-to-date: /home/shreyas/ros2_ws/install/my_robot_description/share/my_robot_description//meshes/right_arm/right_finger3_middle.stl
[0.483s] -- Up-to-date: /home/shreyas/ros2_ws/install/my_robot_description/share/my_robot_description//meshes/head
[0.483s] -- Up-to-date: /home/shreyas/ros2_ws/install/my_robot_description/share/my_robot_description//meshes/head/head.stl
[0.483s] -- Up-to-date: /home/shreyas/ros2_ws/install/my_robot_description/share/my_robot_description//meshes/left_arm
[0.484s] -- Up-to-date: /home/shreyas/ros2_ws/install/my_robot_description/share/my_robot_description//meshes/left_arm/left_finger1_lower.stl
[0.484s] -- Up-to-date: /home/shreyas/ros2_ws/install/my_robot_description/share/my_robot_description//meshes/left_arm/left_finger4_middle.stl
[0.484s] -- Up-to-date: /home/shreyas/ros2_ws/install/my_robot_description/share/my_robot_description//meshes/left_arm/left_Bisecp_lower.stl
[0.484s] -- Up-to-date: /home/shreyas/ros2_ws/install/my_robot_description/share/my_robot_description//meshes/left_arm/left_palm.stl
[0.484s] -- Up-to-date: /home/shreyas/ros2_ws/install/my_robot_description/share/my_robot_description//meshes/left_arm/left_finger4_lower.stl
[0.484s] -- Up-to-date: /home/shreyas/ros2_ws/install/my_robot_description/share/my_robot_description//meshes/left_arm/left_forarm_cover.stl
[0.484s] -- Up-to-date: /home/shreyas/ros2_ws/install/my_robot_description/share/my_robot_description//meshes/left_arm/left_S_to_C.stl
[0.485s] -- Up-to-date: /home/shreyas/ros2_ws/install/my_robot_description/share/my_robot_description//meshes/left_arm/left_thomb_to_palm.stl
[0.485s] -- Up-to-date: /home/shreyas/ros2_ws/install/my_robot_description/share/my_robot_description//meshes/left_arm/left_finger3_lower.stl
[0.485s] -- Up-to-date: /home/shreyas/ros2_ws/install/my_robot_description/share/my_robot_description//meshes/left_arm/left_wrist.stl
[0.485s] -- Up-to-date: /home/shreyas/ros2_ws/install/my_robot_description/share/my_robot_description//meshes/left_arm/left_finger2_middle.stl
[0.485s] -- Up-to-date: /home/shreyas/ros2_ws/install/my_robot_description/share/my_robot_description//meshes/left_arm/left_thomb_upper.stl
[0.486s] -- Up-to-date: /home/shreyas/ros2_ws/install/my_robot_description/share/my_robot_description//meshes/left_arm/left_finger1_middle.stl
[0.486s] -- Up-to-date: /home/shreyas/ros2_ws/install/my_robot_description/share/my_robot_description//meshes/left_arm/Left_elbow_outword.stl
[0.487s] -- Up-to-date: /home/shreyas/ros2_ws/install/my_robot_description/share/my_robot_description//meshes/left_arm/left_finger3_middle.stl
[0.487s] -- Up-to-date: /home/shreyas/ros2_ws/install/my_robot_description/share/my_robot_description//meshes/left_arm/left_finger2_upper.stl
[0.487s] -- Up-to-date: /home/shreyas/ros2_ws/install/my_robot_description/share/my_robot_description//meshes/left_arm/left_S_to_Bisecp.stl
[0.487s] -- Up-to-date: /home/shreyas/ros2_ws/install/my_robot_description/share/my_robot_description//meshes/left_arm/Left_bisecp_uper.stl
[0.488s] -- Up-to-date: /home/shreyas/ros2_ws/install/my_robot_description/share/my_robot_description//meshes/left_arm/left_finger4_upper.stl
[0.488s] -- Up-to-date: /home/shreyas/ros2_ws/install/my_robot_description/share/my_robot_description//meshes/left_arm/Left_forarm_internal_support.stl
[0.488s] -- Up-to-date: /home/shreyas/ros2_ws/install/my_robot_description/share/my_robot_description//meshes/left_arm/left_elbow_midle.stl
[0.488s] -- Up-to-date: /home/shreyas/ros2_ws/install/my_robot_description/share/my_robot_description//meshes/left_arm/left_elbow_to_forarm_upper.stl
[0.489s] -- Up-to-date: /home/shreyas/ros2_ws/install/my_robot_description/share/my_robot_description//meshes/left_arm/left_thomb_midle.stl
[0.489s] -- Up-to-date: /home/shreyas/ros2_ws/install/my_robot_description/share/my_robot_description//meshes/left_arm/left_finger2_lower.stl
[0.489s] -- Up-to-date: /home/shreyas/ros2_ws/install/my_robot_description/share/my_robot_description//meshes/left_arm/left_finger3_upper.stl
[0.489s] -- Up-to-date: /home/shreyas/ros2_ws/install/my_robot_description/share/my_robot_description//meshes/left_arm/left_elbow_inword.stl
[0.489s] -- Up-to-date: /home/shreyas/ros2_ws/install/my_robot_description/share/my_robot_description//meshes/left_arm/Left_forarm_lower_1.stl
[0.489s] -- Up-to-date: /home/shreyas/ros2_ws/install/my_robot_description/share/my_robot_description//meshes/left_arm/left_finger1_upper.stl
[0.489s] -- Up-to-date: /home/shreyas/ros2_ws/install/my_robot_description/share/my_robot_description//meshes/chest
[0.490s] -- Up-to-date: /home/shreyas/ros2_ws/install/my_robot_description/share/my_robot_description//meshes/chest/chest.STL
[0.490s] -- Installing: /home/shreyas/ros2_ws/install/my_robot_description/share/ament_index/resource_index/package_run_dependencies/my_robot_description
[0.490s] -- Up-to-date: /home/shreyas/ros2_ws/install/my_robot_description/share/ament_index/resource_index/parent_prefix_path/my_robot_description
[0.490s] -- Up-to-date: /home/shreyas/ros2_ws/install/my_robot_description/share/my_robot_description/environment/ament_prefix_path.sh
[0.490s] -- Up-to-date: /home/shreyas/ros2_ws/install/my_robot_description/share/my_robot_description/environment/ament_prefix_path.dsv
[0.490s] -- Up-to-date: /home/shreyas/ros2_ws/install/my_robot_description/share/my_robot_description/environment/path.sh
[0.490s] -- Up-to-date: /home/shreyas/ros2_ws/install/my_robot_description/share/my_robot_description/environment/path.dsv
[0.490s] -- Up-to-date: /home/shreyas/ros2_ws/install/my_robot_description/share/my_robot_description/local_setup.bash
[0.490s] -- Up-to-date: /home/shreyas/ros2_ws/install/my_robot_description/share/my_robot_description/local_setup.sh
[0.491s] -- Up-to-date: /home/shreyas/ros2_ws/install/my_robot_description/share/my_robot_description/local_setup.zsh
[0.491s] -- Up-to-date: /home/shreyas/ros2_ws/install/my_robot_description/share/my_robot_description/local_setup.dsv
[0.491s] -- Installing: /home/shreyas/ros2_ws/install/my_robot_description/share/my_robot_description/package.dsv
[0.491s] -- Up-to-date: /home/shreyas/ros2_ws/install/my_robot_description/share/ament_index/resource_index/packages/my_robot_description
[0.491s] -- Up-to-date: /home/shreyas/ros2_ws/install/my_robot_description/share/my_robot_description/cmake/my_robot_descriptionConfig.cmake
[0.491s] -- Up-to-date: /home/shreyas/ros2_ws/install/my_robot_description/share/my_robot_description/cmake/my_robot_descriptionConfig-version.cmake
[0.491s] -- Installing: /home/shreyas/ros2_ws/install/my_robot_description/share/my_robot_description/package.xml
[0.491s] Invoked command in '/home/shreyas/ros2_ws/build/my_robot_description' returned '0': CMAKE_PREFIX_PATH=${CMAKE_PREFIX_PATH}:/opt/ros/jazzy DEBUGINFOD_URLS=https://debuginfod.ubuntu.com /usr/bin/cmake --install /home/shreyas/ros2_ws/build/my_robot_description
