-- The C compiler identification is GNU 13.3.0
-- The CXX compiler identification is GNU 13.3.0
-- Detecting C compiler ABI info
-- Detecting C compiler ABI info - done
-- Check for working C compiler: /usr/bin/cc - skipped
-- Detecting C compile features
-- Detecting C compile features - done
-- Detecting CXX compiler ABI info
-- Detecting CXX compiler ABI info - done
-- Check for working CXX compiler: /usr/bin/c++ - skipped
-- Detecting CXX compile features
-- Detecting CXX compile features - done
-- Found ament_cmake: 2.5.4 (/opt/ros/jazzy/share/ament_cmake/cmake)
-- Found Python3: /usr/bin/python3 (found version "3.12.3") found components: Interpreter 
-- Configuring done (0.7s)
-- Generating done (0.0s)
-- Build files have been written to: /home/shreyas/ros2_ws/build/my_robot_description
-- Install configuration: ""
-- Installing: /home/shreyas/ros2_ws/install/my_robot_description/share/my_robot_description//urdf
-- Installing: /home/shreyas/ros2_ws/install/my_robot_description/share/my_robot_description//urdf/left_arm_gripper.xacro
-- Installing: /home/shreyas/ros2_ws/install/my_robot_description/share/my_robot_description//urdf/camera1.xacro
-- Installing: /home/shreyas/ros2_ws/install/my_robot_description/share/my_robot_description//urdf/right_arm.xacro
-- Installing: /home/shreyas/ros2_ws/install/my_robot_description/share/my_robot_description//urdf/lidar.xacro
-- Installing: /home/shreyas/ros2_ws/install/my_robot_description/share/my_robot_description//urdf/common_properties.xacro
-- Installing: /home/shreyas/ros2_ws/install/my_robot_description/share/my_robot_description//urdf/arm.xacro
-- Installing: /home/shreyas/ros2_ws/install/my_robot_description/share/my_robot_description//urdf/hruh_gazebo.xacro
-- Installing: /home/shreyas/ros2_ws/install/my_robot_description/share/my_robot_description//urdf/right_arm_gripper.xacro
-- Installing: /home/shreyas/ros2_ws/install/my_robot_description/share/my_robot_description//urdf/camera.xacro
-- Installing: /home/shreyas/ros2_ws/install/my_robot_description/share/my_robot_description//urdf/arm_gazebo.xacro
-- Installing: /home/shreyas/ros2_ws/install/my_robot_description/share/my_robot_description//urdf/hruh.xacro
-- Installing: /home/shreyas/ros2_ws/install/my_robot_description/share/my_robot_description//urdf/mobile_base_gazebo.xacro
-- Installing: /home/shreyas/ros2_ws/install/my_robot_description/share/my_robot_description//urdf/mobile_base.xacro
-- Installing: /home/shreyas/ros2_ws/install/my_robot_description/share/my_robot_description//urdf/stereo_camera.xacro
-- Installing: /home/shreyas/ros2_ws/install/my_robot_description/share/my_robot_description//urdf/my_robot.urdf.xacro
-- Installing: /home/shreyas/ros2_ws/install/my_robot_description/share/my_robot_description//urdf/left_arm.xacro
-- Installing: /home/shreyas/ros2_ws/install/my_robot_description/share/my_robot_description//launch
-- Installing: /home/shreyas/ros2_ws/install/my_robot_description/share/my_robot_description//launch/my_robot_hurh.launch.xml
-- Installing: /home/shreyas/ros2_ws/install/my_robot_description/share/my_robot_description//launch/display.launch.xml
-- Installing: /home/shreyas/ros2_ws/install/my_robot_description/share/my_robot_description//rviz
-- Installing: /home/shreyas/ros2_ws/install/my_robot_description/share/my_robot_description//rviz/urdf_config.rviz
-- Installing: /home/shreyas/ros2_ws/install/my_robot_description/share/my_robot_description//worlds
-- Installing: /home/shreyas/ros2_ws/install/my_robot_description/share/my_robot_description//worlds/test_world.sdf
-- Installing: /home/shreyas/ros2_ws/install/my_robot_description/share/my_robot_description//config
-- Installing: /home/shreyas/ros2_ws/install/my_robot_description/share/my_robot_description//config/gazebo_bridge.yaml
-- Installing: /home/shreyas/ros2_ws/install/my_robot_description/share/my_robot_description//meshes
-- Installing: /home/shreyas/ros2_ws/install/my_robot_description/share/my_robot_description//meshes/neck
-- Installing: /home/shreyas/ros2_ws/install/my_robot_description/share/my_robot_description//meshes/neck/neck.STL
-- Installing: /home/shreyas/ros2_ws/install/my_robot_description/share/my_robot_description//meshes/right_arm
-- Installing: /home/shreyas/ros2_ws/install/my_robot_description/share/my_robot_description//meshes/right_arm/right_finger3_lower.stl
-- Installing: /home/shreyas/ros2_ws/install/my_robot_description/share/my_robot_description//meshes/right_arm/right_finger1_upper.stl
-- Installing: /home/shreyas/ros2_ws/install/my_robot_description/share/my_robot_description//meshes/right_arm/right_S_to_Bisecp.stl
-- Installing: /home/shreyas/ros2_ws/install/my_robot_description/share/my_robot_description//meshes/right_arm/right_finger4_middle.stl
-- Installing: /home/shreyas/ros2_ws/install/my_robot_description/share/my_robot_description//meshes/right_arm/right_Bisecp_lower.stl
-- Installing: /home/shreyas/ros2_ws/install/my_robot_description/share/my_robot_description//meshes/right_arm/right_finger4_lower.stl
-- Installing: /home/shreyas/ros2_ws/install/my_robot_description/share/my_robot_description//meshes/right_arm/right_thomb_upper.stl
-- Installing: /home/shreyas/ros2_ws/install/my_robot_description/share/my_robot_description//meshes/right_arm/right_finger2_lower.stl
-- Installing: /home/shreyas/ros2_ws/install/my_robot_description/share/my_robot_description//meshes/right_arm/right_elbow_outword.stl
-- Installing: /home/shreyas/ros2_ws/install/my_robot_description/share/my_robot_description//meshes/right_arm/right_palm.stl
-- Installing: /home/shreyas/ros2_ws/install/my_robot_description/share/my_robot_description//meshes/right_arm/right_S_to_C.stl
-- Installing: /home/shreyas/ros2_ws/install/my_robot_description/share/my_robot_description//meshes/right_arm/right_forarm_cover.stl
-- Installing: /home/shreyas/ros2_ws/install/my_robot_description/share/my_robot_description//meshes/right_arm/right_finger1_lower.stl
-- Installing: /home/shreyas/ros2_ws/install/my_robot_description/share/my_robot_description//meshes/right_arm/right_wrist.stl
-- Installing: /home/shreyas/ros2_ws/install/my_robot_description/share/my_robot_description//meshes/right_arm/right_elbow_middle.stl
-- Installing: /home/shreyas/ros2_ws/install/my_robot_description/share/my_robot_description//meshes/right_arm/right_bisecp_uper.stl
-- Installing: /home/shreyas/ros2_ws/install/my_robot_description/share/my_robot_description//meshes/right_arm/right_elbow_to_forarm_upper.stl
-- Installing: /home/shreyas/ros2_ws/install/my_robot_description/share/my_robot_description//meshes/right_arm/right_finger3_upper.stl
-- Installing: /home/shreyas/ros2_ws/install/my_robot_description/share/my_robot_description//meshes/right_arm/right_thomb_to_palm.stl
-- Installing: /home/shreyas/ros2_ws/install/my_robot_description/share/my_robot_description//meshes/right_arm/right_forarm_internal_support.stl
-- Installing: /home/shreyas/ros2_ws/install/my_robot_description/share/my_robot_description//meshes/right_arm/right_finger1_middle.stl
-- Installing: /home/shreyas/ros2_ws/install/my_robot_description/share/my_robot_description//meshes/right_arm/right_elbow_inword.stl
-- Installing: /home/shreyas/ros2_ws/install/my_robot_description/share/my_robot_description//meshes/right_arm/right_thomb_midle.stl
-- Installing: /home/shreyas/ros2_ws/install/my_robot_description/share/my_robot_description//meshes/right_arm/.stl
-- Installing: /home/shreyas/ros2_ws/install/my_robot_description/share/my_robot_description//meshes/right_arm/right_finger4_upper.stl
-- Installing: /home/shreyas/ros2_ws/install/my_robot_description/share/my_robot_description//meshes/right_arm/right_finger2_middle.stl
-- Installing: /home/shreyas/ros2_ws/install/my_robot_description/share/my_robot_description//meshes/right_arm/right_forarm_lower_1.stl
-- Installing: /home/shreyas/ros2_ws/install/my_robot_description/share/my_robot_description//meshes/right_arm/right_finger2_upper.stl
-- Installing: /home/shreyas/ros2_ws/install/my_robot_description/share/my_robot_description//meshes/right_arm/right_finger3_middle.stl
-- Installing: /home/shreyas/ros2_ws/install/my_robot_description/share/my_robot_description//meshes/head
-- Installing: /home/shreyas/ros2_ws/install/my_robot_description/share/my_robot_description//meshes/head/head.stl
-- Installing: /home/shreyas/ros2_ws/install/my_robot_description/share/my_robot_description//meshes/left_arm
-- Installing: /home/shreyas/ros2_ws/install/my_robot_description/share/my_robot_description//meshes/left_arm/left_finger1_lower.stl
-- Installing: /home/shreyas/ros2_ws/install/my_robot_description/share/my_robot_description//meshes/left_arm/left_finger4_middle.stl
-- Installing: /home/shreyas/ros2_ws/install/my_robot_description/share/my_robot_description//meshes/left_arm/left_Bisecp_lower.stl
-- Installing: /home/shreyas/ros2_ws/install/my_robot_description/share/my_robot_description//meshes/left_arm/left_palm.stl
-- Installing: /home/shreyas/ros2_ws/install/my_robot_description/share/my_robot_description//meshes/left_arm/left_finger4_lower.stl
-- Installing: /home/shreyas/ros2_ws/install/my_robot_description/share/my_robot_description//meshes/left_arm/left_forarm_cover.stl
-- Installing: /home/shreyas/ros2_ws/install/my_robot_description/share/my_robot_description//meshes/left_arm/left_S_to_C.stl
-- Installing: /home/shreyas/ros2_ws/install/my_robot_description/share/my_robot_description//meshes/left_arm/left_thomb_to_palm.stl
-- Installing: /home/shreyas/ros2_ws/install/my_robot_description/share/my_robot_description//meshes/left_arm/left_finger3_lower.stl
-- Installing: /home/shreyas/ros2_ws/install/my_robot_description/share/my_robot_description//meshes/left_arm/left_wrist.stl
-- Installing: /home/shreyas/ros2_ws/install/my_robot_description/share/my_robot_description//meshes/left_arm/left_finger2_middle.stl
-- Installing: /home/shreyas/ros2_ws/install/my_robot_description/share/my_robot_description//meshes/left_arm/left_thomb_upper.stl
-- Installing: /home/shreyas/ros2_ws/install/my_robot_description/share/my_robot_description//meshes/left_arm/left_finger1_middle.stl
-- Installing: /home/shreyas/ros2_ws/install/my_robot_description/share/my_robot_description//meshes/left_arm/Left_elbow_outword.stl
-- Installing: /home/shreyas/ros2_ws/install/my_robot_description/share/my_robot_description//meshes/left_arm/left_finger3_middle.stl
-- Installing: /home/shreyas/ros2_ws/install/my_robot_description/share/my_robot_description//meshes/left_arm/left_finger2_upper.stl
-- Installing: /home/shreyas/ros2_ws/install/my_robot_description/share/my_robot_description//meshes/left_arm/left_S_to_Bisecp.stl
-- Installing: /home/shreyas/ros2_ws/install/my_robot_description/share/my_robot_description//meshes/left_arm/Left_bisecp_uper.stl
-- Installing: /home/shreyas/ros2_ws/install/my_robot_description/share/my_robot_description//meshes/left_arm/left_finger4_upper.stl
-- Installing: /home/shreyas/ros2_ws/install/my_robot_description/share/my_robot_description//meshes/left_arm/Left_forarm_internal_support.stl
-- Installing: /home/shreyas/ros2_ws/install/my_robot_description/share/my_robot_description//meshes/left_arm/left_elbow_midle.stl
-- Installing: /home/shreyas/ros2_ws/install/my_robot_description/share/my_robot_description//meshes/left_arm/left_elbow_to_forarm_upper.stl
-- Installing: /home/shreyas/ros2_ws/install/my_robot_description/share/my_robot_description//meshes/left_arm/left_thomb_midle.stl
-- Installing: /home/shreyas/ros2_ws/install/my_robot_description/share/my_robot_description//meshes/left_arm/left_finger2_lower.stl
-- Installing: /home/shreyas/ros2_ws/install/my_robot_description/share/my_robot_description//meshes/left_arm/left_finger3_upper.stl
-- Installing: /home/shreyas/ros2_ws/install/my_robot_description/share/my_robot_description//meshes/left_arm/left_elbow_inword.stl
-- Installing: /home/shreyas/ros2_ws/install/my_robot_description/share/my_robot_description//meshes/left_arm/Left_forarm_lower_1.stl
-- Installing: /home/shreyas/ros2_ws/install/my_robot_description/share/my_robot_description//meshes/left_arm/left_finger1_upper.stl
-- Installing: /home/shreyas/ros2_ws/install/my_robot_description/share/my_robot_description//meshes/chest
-- Installing: /home/shreyas/ros2_ws/install/my_robot_description/share/my_robot_description//meshes/chest/chest.STL
-- Installing: /home/shreyas/ros2_ws/install/my_robot_description/share/ament_index/resource_index/package_run_dependencies/my_robot_description
-- Installing: /home/shreyas/ros2_ws/install/my_robot_description/share/ament_index/resource_index/parent_prefix_path/my_robot_description
-- Installing: /home/shreyas/ros2_ws/install/my_robot_description/share/my_robot_description/environment/ament_prefix_path.sh
-- Installing: /home/shreyas/ros2_ws/install/my_robot_description/share/my_robot_description/environment/ament_prefix_path.dsv
-- Installing: /home/shreyas/ros2_ws/install/my_robot_description/share/my_robot_description/environment/path.sh
-- Installing: /home/shreyas/ros2_ws/install/my_robot_description/share/my_robot_description/environment/path.dsv
-- Installing: /home/shreyas/ros2_ws/install/my_robot_description/share/my_robot_description/local_setup.bash
-- Installing: /home/shreyas/ros2_ws/install/my_robot_description/share/my_robot_description/local_setup.sh
-- Installing: /home/shreyas/ros2_ws/install/my_robot_description/share/my_robot_description/local_setup.zsh
-- Installing: /home/shreyas/ros2_ws/install/my_robot_description/share/my_robot_description/local_setup.dsv
-- Installing: /home/shreyas/ros2_ws/install/my_robot_description/share/my_robot_description/package.dsv
-- Installing: /home/shreyas/ros2_ws/install/my_robot_description/share/ament_index/resource_index/packages/my_robot_description
-- Installing: /home/shreyas/ros2_ws/install/my_robot_description/share/my_robot_description/cmake/my_robot_descriptionConfig.cmake
-- Installing: /home/shreyas/ros2_ws/install/my_robot_description/share/my_robot_description/cmake/my_robot_descriptionConfig-version.cmake
-- Installing: /home/shreyas/ros2_ws/install/my_robot_description/share/my_robot_description/package.xml
