[0.016s] Invoking command in '/home/shreyas/ros2_ws/build/my_robot_description': CMAKE_PREFIX_PATH=${CMAKE_PREFIX_PATH}:/opt/ros/jazzy DEBUGINFOD_URLS=https://debuginfod.ubuntu.com /usr/bin/cmake /home/shreyas/ros2_ws/src/my_robot_description -DCMAKE_INSTALL_PREFIX=/home/shreyas/ros2_ws/install/my_robot_description
[0.075s] -- The C compiler identification is GNU 13.3.0
[0.131s] -- The CXX compiler identification is GNU 13.3.0
[0.147s] -- Detecting C compiler ABI info
[0.231s] -- Detecting C compiler ABI info - done
[0.241s] -- Check for working C compiler: /usr/bin/cc - skipped
[0.241s] -- Detecting C compile features
[0.242s] -- Detecting C compile features - done
[0.251s] -- Detecting CXX compiler ABI info
[0.344s] -- Detecting CXX compiler ABI info - done
[0.354s] -- Check for working CXX compiler: /usr/bin/c++ - skipped
[0.355s] -- Detecting CXX compile features
[0.355s] -- Detecting CXX compile features - done
[0.362s] -- Found ament_cmake: 2.5.4 (/opt/ros/jazzy/share/ament_cmake/cmake)
[0.513s] -- Found Python3: /usr/bin/python3 (found version "3.12.3") found components: Interpreter 
[0.736s] -- Configuring done (0.7s)
[0.738s] -- Generating done (0.0s)
[0.740s] -- Build files have been written to: /home/shreyas/ros2_ws/build/my_robot_description
[0.744s] Invoked command in '/home/shreyas/ros2_ws/build/my_robot_description' returned '0': CMAKE_PREFIX_PATH=${CMAKE_PREFIX_PATH}:/opt/ros/jazzy DEBUGINFOD_URLS=https://debuginfod.ubuntu.com /usr/bin/cmake /home/shreyas/ros2_ws/src/my_robot_description -DCMAKE_INSTALL_PREFIX=/home/shreyas/ros2_ws/install/my_robot_description
[0.746s] Invoking command in '/home/shreyas/ros2_ws/build/my_robot_description': CMAKE_PREFIX_PATH=${CMAKE_PREFIX_PATH}:/opt/ros/jazzy DEBUGINFOD_URLS=https://debuginfod.ubuntu.com /usr/bin/cmake --build /home/shreyas/ros2_ws/build/my_robot_description -- -j8 -l8
[0.782s] Invoked command in '/home/shreyas/ros2_ws/build/my_robot_description' returned '0': CMAKE_PREFIX_PATH=${CMAKE_PREFIX_PATH}:/opt/ros/jazzy DEBUGINFOD_URLS=https://debuginfod.ubuntu.com /usr/bin/cmake --build /home/shreyas/ros2_ws/build/my_robot_description -- -j8 -l8
[0.791s] Invoking command in '/home/shreyas/ros2_ws/build/my_robot_description': CMAKE_PREFIX_PATH=${CMAKE_PREFIX_PATH}:/opt/ros/jazzy DEBUGINFOD_URLS=https://debuginfod.ubuntu.com /usr/bin/cmake --install /home/shreyas/ros2_ws/build/my_robot_description
[0.799s] -- Install configuration: ""
[0.799s] -- Installing: /home/shreyas/ros2_ws/install/my_robot_description/share/my_robot_description//urdf
[0.799s] -- Installing: /home/shreyas/ros2_ws/install/my_robot_description/share/my_robot_description//urdf/left_arm_gripper.xacro
[0.799s] -- Installing: /home/shreyas/ros2_ws/install/my_robot_description/share/my_robot_description//urdf/camera1.xacro
[0.800s] -- Installing: /home/shreyas/ros2_ws/install/my_robot_description/share/my_robot_description//urdf/right_arm.xacro
[0.800s] -- Installing: /home/shreyas/ros2_ws/install/my_robot_description/share/my_robot_description//urdf/lidar.xacro
[0.800s] -- Installing: /home/shreyas/ros2_ws/install/my_robot_description/share/my_robot_description//urdf/common_properties.xacro
[0.800s] -- Installing: /home/shreyas/ros2_ws/install/my_robot_description/share/my_robot_description//urdf/arm.xacro
[0.800s] -- Installing: /home/shreyas/ros2_ws/install/my_robot_description/share/my_robot_description//urdf/hruh_gazebo.xacro
[0.800s] -- Installing: /home/shreyas/ros2_ws/install/my_robot_description/share/my_robot_description//urdf/right_arm_gripper.xacro
[0.801s] -- Installing: /home/shreyas/ros2_ws/install/my_robot_description/share/my_robot_description//urdf/camera.xacro
[0.801s] -- Installing: /home/shreyas/ros2_ws/install/my_robot_description/share/my_robot_description//urdf/arm_gazebo.xacro
[0.801s] -- Installing: /home/shreyas/ros2_ws/install/my_robot_description/share/my_robot_description//urdf/hruh.xacro
[0.801s] -- Installing: /home/shreyas/ros2_ws/install/my_robot_description/share/my_robot_description//urdf/mobile_base_gazebo.xacro
[0.801s] -- Installing: /home/shreyas/ros2_ws/install/my_robot_description/share/my_robot_description//urdf/mobile_base.xacro
[0.801s] -- Installing: /home/shreyas/ros2_ws/install/my_robot_description/share/my_robot_description//urdf/stereo_camera.xacro
[0.801s] -- Installing: /home/shreyas/ros2_ws/install/my_robot_description/share/my_robot_description//urdf/my_robot.urdf.xacro
[0.801s] -- Installing: /home/shreyas/ros2_ws/install/my_robot_description/share/my_robot_description//urdf/left_arm.xacro
[0.801s] -- Installing: /home/shreyas/ros2_ws/install/my_robot_description/share/my_robot_description//launch
[0.802s] -- Installing: /home/shreyas/ros2_ws/install/my_robot_description/share/my_robot_description//launch/my_robot_hurh.launch.xml
[0.802s] -- Installing: /home/shreyas/ros2_ws/install/my_robot_description/share/my_robot_description//launch/display.launch.xml
[0.802s] -- Installing: /home/shreyas/ros2_ws/install/my_robot_description/share/my_robot_description//rviz
[0.802s] -- Installing: /home/shreyas/ros2_ws/install/my_robot_description/share/my_robot_description//rviz/urdf_config.rviz
[0.802s] -- Installing: /home/shreyas/ros2_ws/install/my_robot_description/share/my_robot_description//worlds
[0.802s] -- Installing: /home/shreyas/ros2_ws/install/my_robot_description/share/my_robot_description//worlds/test_world.sdf
[0.802s] -- Installing: /home/shreyas/ros2_ws/install/my_robot_description/share/my_robot_description//config
[0.802s] -- Installing: /home/shreyas/ros2_ws/install/my_robot_description/share/my_robot_description//config/gazebo_bridge.yaml
[0.802s] -- Installing: /home/shreyas/ros2_ws/install/my_robot_description/share/my_robot_description//meshes
[0.802s] -- Installing: /home/shreyas/ros2_ws/install/my_robot_description/share/my_robot_description//meshes/neck
[0.802s] -- Installing: /home/shreyas/ros2_ws/install/my_robot_description/share/my_robot_description//meshes/neck/neck.STL
[0.802s] -- Installing: /home/shreyas/ros2_ws/install/my_robot_description/share/my_robot_description//meshes/right_arm
[0.803s] -- Installing: /home/shreyas/ros2_ws/install/my_robot_description/share/my_robot_description//meshes/right_arm/right_finger3_lower.stl
[0.803s] -- Installing: /home/shreyas/ros2_ws/install/my_robot_description/share/my_robot_description//meshes/right_arm/right_finger1_upper.stl
[0.803s] -- Installing: /home/shreyas/ros2_ws/install/my_robot_description/share/my_robot_description//meshes/right_arm/right_S_to_Bisecp.stl
[0.806s] -- Installing: /home/shreyas/ros2_ws/install/my_robot_description/share/my_robot_description//meshes/right_arm/right_finger4_middle.stl
[0.806s] -- Installing: /home/shreyas/ros2_ws/install/my_robot_description/share/my_robot_description//meshes/right_arm/right_Bisecp_lower.stl
[0.806s] -- Installing: /home/shreyas/ros2_ws/install/my_robot_description/share/my_robot_description//meshes/right_arm/right_finger4_lower.stl
[0.807s] -- Installing: /home/shreyas/ros2_ws/install/my_robot_description/share/my_robot_description//meshes/right_arm/right_thomb_upper.stl
[0.807s] -- Installing: /home/shreyas/ros2_ws/install/my_robot_description/share/my_robot_description//meshes/right_arm/right_finger2_lower.stl
[0.808s] -- Installing: /home/shreyas/ros2_ws/install/my_robot_description/share/my_robot_description//meshes/right_arm/right_elbow_outword.stl
[0.808s] -- Installing: /home/shreyas/ros2_ws/install/my_robot_description/share/my_robot_description//meshes/right_arm/right_palm.stl
[0.821s] -- Installing: /home/shreyas/ros2_ws/install/my_robot_description/share/my_robot_description//meshes/right_arm/right_S_to_C.stl
[0.821s] -- Installing: /home/shreyas/ros2_ws/install/my_robot_description/share/my_robot_description//meshes/right_arm/right_forarm_cover.stl
[0.822s] -- Installing: /home/shreyas/ros2_ws/install/my_robot_description/share/my_robot_description//meshes/right_arm/right_finger1_lower.stl
[0.822s] -- Installing: /home/shreyas/ros2_ws/install/my_robot_description/share/my_robot_description//meshes/right_arm/right_wrist.stl
[0.822s] -- Installing: /home/shreyas/ros2_ws/install/my_robot_description/share/my_robot_description//meshes/right_arm/right_elbow_middle.stl
[0.823s] -- Installing: /home/shreyas/ros2_ws/install/my_robot_description/share/my_robot_description//meshes/right_arm/right_bisecp_uper.stl
[0.823s] -- Installing: /home/shreyas/ros2_ws/install/my_robot_description/share/my_robot_description//meshes/right_arm/right_elbow_to_forarm_upper.stl
[0.824s] -- Installing: /home/shreyas/ros2_ws/install/my_robot_description/share/my_robot_description//meshes/right_arm/right_finger3_upper.stl
[0.825s] -- Installing: /home/shreyas/ros2_ws/install/my_robot_description/share/my_robot_description//meshes/right_arm/right_thomb_to_palm.stl
[0.826s] -- Installing: /home/shreyas/ros2_ws/install/my_robot_description/share/my_robot_description//meshes/right_arm/right_forarm_internal_support.stl
[0.827s] -- Installing: /home/shreyas/ros2_ws/install/my_robot_description/share/my_robot_description//meshes/right_arm/right_finger1_middle.stl
[0.827s] -- Installing: /home/shreyas/ros2_ws/install/my_robot_description/share/my_robot_description//meshes/right_arm/right_elbow_inword.stl
[0.831s] -- Installing: /home/shreyas/ros2_ws/install/my_robot_description/share/my_robot_description//meshes/right_arm/right_thomb_midle.stl
[0.831s] -- Installing: /home/shreyas/ros2_ws/install/my_robot_description/share/my_robot_description//meshes/right_arm/.stl
[0.831s] -- Installing: /home/shreyas/ros2_ws/install/my_robot_description/share/my_robot_description//meshes/right_arm/right_finger4_upper.stl
[0.831s] -- Installing: /home/shreyas/ros2_ws/install/my_robot_description/share/my_robot_description//meshes/right_arm/right_finger2_middle.stl
[0.831s] -- Installing: /home/shreyas/ros2_ws/install/my_robot_description/share/my_robot_description//meshes/right_arm/right_forarm_lower_1.stl
[0.832s] -- Installing: /home/shreyas/ros2_ws/install/my_robot_description/share/my_robot_description//meshes/right_arm/right_finger2_upper.stl
[0.833s] -- Installing: /home/shreyas/ros2_ws/install/my_robot_description/share/my_robot_description//meshes/right_arm/right_finger3_middle.stl
[0.833s] -- Installing: /home/shreyas/ros2_ws/install/my_robot_description/share/my_robot_description//meshes/head
[0.833s] -- Installing: /home/shreyas/ros2_ws/install/my_robot_description/share/my_robot_description//meshes/head/head.stl
[0.840s] -- Installing: /home/shreyas/ros2_ws/install/my_robot_description/share/my_robot_description//meshes/left_arm
[0.840s] -- Installing: /home/shreyas/ros2_ws/install/my_robot_description/share/my_robot_description//meshes/left_arm/left_finger1_lower.stl
[0.840s] -- Installing: /home/shreyas/ros2_ws/install/my_robot_description/share/my_robot_description//meshes/left_arm/left_finger4_middle.stl
[0.840s] -- Installing: /home/shreyas/ros2_ws/install/my_robot_description/share/my_robot_description//meshes/left_arm/left_Bisecp_lower.stl
[0.840s] -- Installing: /home/shreyas/ros2_ws/install/my_robot_description/share/my_robot_description//meshes/left_arm/left_palm.stl
[0.853s] -- Installing: /home/shreyas/ros2_ws/install/my_robot_description/share/my_robot_description//meshes/left_arm/left_finger4_lower.stl
[0.854s] -- Installing: /home/shreyas/ros2_ws/install/my_robot_description/share/my_robot_description//meshes/left_arm/left_forarm_cover.stl
[0.854s] -- Installing: /home/shreyas/ros2_ws/install/my_robot_description/share/my_robot_description//meshes/left_arm/left_S_to_C.stl
[0.854s] -- Installing: /home/shreyas/ros2_ws/install/my_robot_description/share/my_robot_description//meshes/left_arm/left_thomb_to_palm.stl
[0.855s] -- Installing: /home/shreyas/ros2_ws/install/my_robot_description/share/my_robot_description//meshes/left_arm/left_finger3_lower.stl
[0.856s] -- Installing: /home/shreyas/ros2_ws/install/my_robot_description/share/my_robot_description//meshes/left_arm/left_wrist.stl
[0.856s] -- Installing: /home/shreyas/ros2_ws/install/my_robot_description/share/my_robot_description//meshes/left_arm/left_finger2_middle.stl
[0.856s] -- Installing: /home/shreyas/ros2_ws/install/my_robot_description/share/my_robot_description//meshes/left_arm/left_thomb_upper.stl
[0.857s] -- Installing: /home/shreyas/ros2_ws/install/my_robot_description/share/my_robot_description//meshes/left_arm/left_finger1_middle.stl
[0.858s] -- Installing: /home/shreyas/ros2_ws/install/my_robot_description/share/my_robot_description//meshes/left_arm/Left_elbow_outword.stl
[0.858s] -- Installing: /home/shreyas/ros2_ws/install/my_robot_description/share/my_robot_description//meshes/left_arm/left_finger3_middle.stl
[0.858s] -- Installing: /home/shreyas/ros2_ws/install/my_robot_description/share/my_robot_description//meshes/left_arm/left_finger2_upper.stl
[0.859s] -- Installing: /home/shreyas/ros2_ws/install/my_robot_description/share/my_robot_description//meshes/left_arm/left_S_to_Bisecp.stl
[0.862s] -- Installing: /home/shreyas/ros2_ws/install/my_robot_description/share/my_robot_description//meshes/left_arm/Left_bisecp_uper.stl
[0.862s] -- Installing: /home/shreyas/ros2_ws/install/my_robot_description/share/my_robot_description//meshes/left_arm/left_finger4_upper.stl
[0.863s] -- Installing: /home/shreyas/ros2_ws/install/my_robot_description/share/my_robot_description//meshes/left_arm/Left_forarm_internal_support.stl
[0.864s] -- Installing: /home/shreyas/ros2_ws/install/my_robot_description/share/my_robot_description//meshes/left_arm/left_elbow_midle.stl
[0.865s] -- Installing: /home/shreyas/ros2_ws/install/my_robot_description/share/my_robot_description//meshes/left_arm/left_elbow_to_forarm_upper.stl
[0.866s] -- Installing: /home/shreyas/ros2_ws/install/my_robot_description/share/my_robot_description//meshes/left_arm/left_thomb_midle.stl
[0.866s] -- Installing: /home/shreyas/ros2_ws/install/my_robot_description/share/my_robot_description//meshes/left_arm/left_finger2_lower.stl
[0.866s] -- Installing: /home/shreyas/ros2_ws/install/my_robot_description/share/my_robot_description//meshes/left_arm/left_finger3_upper.stl
[0.867s] -- Installing: /home/shreyas/ros2_ws/install/my_robot_description/share/my_robot_description//meshes/left_arm/left_elbow_inword.stl
[0.871s] -- Installing: /home/shreyas/ros2_ws/install/my_robot_description/share/my_robot_description//meshes/left_arm/Left_forarm_lower_1.stl
[0.872s] -- Installing: /home/shreyas/ros2_ws/install/my_robot_description/share/my_robot_description//meshes/left_arm/left_finger1_upper.stl
[0.873s] -- Installing: /home/shreyas/ros2_ws/install/my_robot_description/share/my_robot_description//meshes/chest
[0.873s] -- Installing: /home/shreyas/ros2_ws/install/my_robot_description/share/my_robot_description//meshes/chest/chest.STL
[0.874s] -- Installing: /home/shreyas/ros2_ws/install/my_robot_description/share/ament_index/resource_index/package_run_dependencies/my_robot_description
[0.874s] -- Installing: /home/shreyas/ros2_ws/install/my_robot_description/share/ament_index/resource_index/parent_prefix_path/my_robot_description
[0.874s] -- Installing: /home/shreyas/ros2_ws/install/my_robot_description/share/my_robot_description/environment/ament_prefix_path.sh
[0.874s] -- Installing: /home/shreyas/ros2_ws/install/my_robot_description/share/my_robot_description/environment/ament_prefix_path.dsv
[0.875s] -- Installing: /home/shreyas/ros2_ws/install/my_robot_description/share/my_robot_description/environment/path.sh
[0.875s] -- Installing: /home/shreyas/ros2_ws/install/my_robot_description/share/my_robot_description/environment/path.dsv
[0.875s] -- Installing: /home/shreyas/ros2_ws/install/my_robot_description/share/my_robot_description/local_setup.bash
[0.875s] -- Installing: /home/shreyas/ros2_ws/install/my_robot_description/share/my_robot_description/local_setup.sh
[0.875s] -- Installing: /home/shreyas/ros2_ws/install/my_robot_description/share/my_robot_description/local_setup.zsh
[0.875s] -- Installing: /home/shreyas/ros2_ws/install/my_robot_description/share/my_robot_description/local_setup.dsv
[0.875s] -- Installing: /home/shreyas/ros2_ws/install/my_robot_description/share/my_robot_description/package.dsv
[0.875s] -- Installing: /home/shreyas/ros2_ws/install/my_robot_description/share/ament_index/resource_index/packages/my_robot_description
[0.875s] -- Installing: /home/shreyas/ros2_ws/install/my_robot_description/share/my_robot_description/cmake/my_robot_descriptionConfig.cmake
[0.875s] -- Installing: /home/shreyas/ros2_ws/install/my_robot_description/share/my_robot_description/cmake/my_robot_descriptionConfig-version.cmake
[0.875s] -- Installing: /home/shreyas/ros2_ws/install/my_robot_description/share/my_robot_description/package.xml
[0.877s] Invoked command in '/home/shreyas/ros2_ws/build/my_robot_description' returned '0': CMAKE_PREFIX_PATH=${CMAKE_PREFIX_PATH}:/opt/ros/jazzy DEBUGINFOD_URLS=https://debuginfod.ubuntu.com /usr/bin/cmake --install /home/shreyas/ros2_ws/build/my_robot_description
