[0.016s] Invoking command in '/home/shreyas/ros2_ws/build/my_robot_description': CMAKE_PREFIX_PATH=${CMAKE_PREFIX_PATH}:/opt/ros/jazzy DEBUGINFOD_URLS=https://debuginfod.ubuntu.com /usr/bin/cmake /home/shreyas/ros2_ws/src/my_robot_description -DAMENT_CMAKE_SYMLINK_INSTALL=1 -DCMAKE_INSTALL_PREFIX=/home/shreyas/ros2_ws/install/my_robot_description
[0.029s] -- Found ament_cmake: 2.5.4 (/opt/ros/jazzy/share/ament_cmake/cmake)
[0.242s] -- Override CMake install command with custom implementation using symlinks instead of copying resources
[0.339s] -- Configuring done (0.3s)
[0.341s] -- Generating done (0.0s)
[0.343s] -- Build files have been written to: /home/shreyas/ros2_ws/build/my_robot_description
[0.345s] Invoked command in '/home/shreyas/ros2_ws/build/my_robot_description' returned '0': CMAKE_PREFIX_PATH=${CMAKE_PREFIX_PATH}:/opt/ros/jazzy DEBUGINFOD_URLS=https://debuginfod.ubuntu.com /usr/bin/cmake /home/shreyas/ros2_ws/src/my_robot_description -DAMENT_CMAKE_SYMLINK_INSTALL=1 -DCMAKE_INSTALL_PREFIX=/home/shreyas/ros2_ws/install/my_robot_description
[0.347s] Invoking command in '/home/shreyas/ros2_ws/build/my_robot_description': CMAKE_PREFIX_PATH=${CMAKE_PREFIX_PATH}:/opt/ros/jazzy DEBUGINFOD_URLS=https://debuginfod.ubuntu.com /usr/bin/cmake --build /home/shreyas/ros2_ws/build/my_robot_description -- -j8 -l8
[0.388s] Invoked command in '/home/shreyas/ros2_ws/build/my_robot_description' returned '0': CMAKE_PREFIX_PATH=${CMAKE_PREFIX_PATH}:/opt/ros/jazzy DEBUGINFOD_URLS=https://debuginfod.ubuntu.com /usr/bin/cmake --build /home/shreyas/ros2_ws/build/my_robot_description -- -j8 -l8
[0.403s] Invoking command in '/home/shreyas/ros2_ws/build/my_robot_description': CMAKE_PREFIX_PATH=${CMAKE_PREFIX_PATH}:/opt/ros/jazzy DEBUGINFOD_URLS=https://debuginfod.ubuntu.com /usr/bin/cmake --install /home/shreyas/ros2_ws/build/my_robot_description
[0.419s] -- Install configuration: ""
[0.419s] -- Execute custom install script
[0.421s] -- Symlinking: /home/shreyas/ros2_ws/install/my_robot_description/share/my_robot_description//urdf/arm.xacro
[0.431s] -- Symlinking: /home/shreyas/ros2_ws/install/my_robot_description/share/my_robot_description//urdf/arm_gazebo.xacro
[0.443s] -- Symlinking: /home/shreyas/ros2_ws/install/my_robot_description/share/my_robot_description//urdf/camera.xacro
[0.452s] -- Symlinking: /home/shreyas/ros2_ws/install/my_robot_description/share/my_robot_description//urdf/common_properties.xacro
[0.461s] -- Symlinking: /home/shreyas/ros2_ws/install/my_robot_description/share/my_robot_description//urdf/hruh.xacro
[0.469s] -- Symlinking: /home/shreyas/ros2_ws/install/my_robot_description/share/my_robot_description//urdf/lidar.xacro
[0.477s] -- Symlinking: /home/shreyas/ros2_ws/install/my_robot_description/share/my_robot_description//urdf/mobile_base.xacro
[0.486s] -- Symlinking: /home/shreyas/ros2_ws/install/my_robot_description/share/my_robot_description//urdf/mobile_base_gazebo.xacro
[0.494s] -- Symlinking: /home/shreyas/ros2_ws/install/my_robot_description/share/my_robot_description//urdf/my_robot.urdf.xacro
[0.503s] -- Symlinking: /home/shreyas/ros2_ws/install/my_robot_description/share/my_robot_description//launch/display.launch.py
[0.512s] -- Symlinking: /home/shreyas/ros2_ws/install/my_robot_description/share/my_robot_description//launch/display.launch.xml
[0.521s] -- Symlinking: /home/shreyas/ros2_ws/install/my_robot_description/share/my_robot_description//launch/my_robot.launch.xml
[0.529s] -- Symlinking: /home/shreyas/ros2_ws/install/my_robot_description/share/my_robot_description//rviz/urdf_config.rviz
[0.538s] -- Symlinking: /home/shreyas/ros2_ws/install/my_robot_description/share/my_robot_description//worlds/my_world.sdf
[0.547s] -- Symlinking: /home/shreyas/ros2_ws/install/my_robot_description/share/my_robot_description//worlds/test_world.sdf
[0.555s] -- Symlinking: /home/shreyas/ros2_ws/install/my_robot_description/share/my_robot_description//config/controllers.yaml
[0.564s] -- Symlinking: /home/shreyas/ros2_ws/install/my_robot_description/share/my_robot_description//config/gazebo_bridge.yaml
[0.572s] -- Symlinking: /home/shreyas/ros2_ws/install/my_robot_description/share/my_robot_description//config/ros2_controllers.yaml
[0.581s] -- Symlinking: /home/shreyas/ros2_ws/install/my_robot_description/share/my_robot_description//meshes/chest/chest.STL
[0.589s] -- Symlinking: /home/shreyas/ros2_ws/install/my_robot_description/share/my_robot_description//meshes/head/head.stl
[0.600s] -- Symlinking: /home/shreyas/ros2_ws/install/my_robot_description/share/my_robot_description//meshes/left_arm/Left_bisecp_uper.stl
[0.609s] -- Symlinking: /home/shreyas/ros2_ws/install/my_robot_description/share/my_robot_description//meshes/left_arm/Left_elbow_outword.stl
[0.618s] -- Symlinking: /home/shreyas/ros2_ws/install/my_robot_description/share/my_robot_description//meshes/left_arm/Left_forarm_internal_support.stl
[0.627s] -- Symlinking: /home/shreyas/ros2_ws/install/my_robot_description/share/my_robot_description//meshes/left_arm/Left_forarm_lower_1.stl
[0.636s] -- Symlinking: /home/shreyas/ros2_ws/install/my_robot_description/share/my_robot_description//meshes/left_arm/left_Bisecp_lower.stl
[0.644s] -- Symlinking: /home/shreyas/ros2_ws/install/my_robot_description/share/my_robot_description//meshes/left_arm/left_S_to_Bisecp.stl
[0.654s] -- Symlinking: /home/shreyas/ros2_ws/install/my_robot_description/share/my_robot_description//meshes/left_arm/left_S_to_C.stl
[0.662s] -- Symlinking: /home/shreyas/ros2_ws/install/my_robot_description/share/my_robot_description//meshes/left_arm/left_elbow_inword.stl
[0.672s] -- Symlinking: /home/shreyas/ros2_ws/install/my_robot_description/share/my_robot_description//meshes/left_arm/left_elbow_midle.stl
[0.681s] -- Symlinking: /home/shreyas/ros2_ws/install/my_robot_description/share/my_robot_description//meshes/left_arm/left_elbow_to_forarm_upper.stl
[0.689s] -- Symlinking: /home/shreyas/ros2_ws/install/my_robot_description/share/my_robot_description//meshes/left_arm/left_finger1_lower.stl
[0.698s] -- Symlinking: /home/shreyas/ros2_ws/install/my_robot_description/share/my_robot_description//meshes/left_arm/left_finger1_middle.stl
[0.707s] -- Symlinking: /home/shreyas/ros2_ws/install/my_robot_description/share/my_robot_description//meshes/left_arm/left_finger1_upper.stl
[0.716s] -- Symlinking: /home/shreyas/ros2_ws/install/my_robot_description/share/my_robot_description//meshes/left_arm/left_finger2_lower.stl
[0.725s] -- Symlinking: /home/shreyas/ros2_ws/install/my_robot_description/share/my_robot_description//meshes/left_arm/left_finger2_middle.stl
[0.735s] -- Symlinking: /home/shreyas/ros2_ws/install/my_robot_description/share/my_robot_description//meshes/left_arm/left_finger2_upper.stl
[0.747s] -- Symlinking: /home/shreyas/ros2_ws/install/my_robot_description/share/my_robot_description//meshes/left_arm/left_finger3_lower.stl
[0.757s] -- Symlinking: /home/shreyas/ros2_ws/install/my_robot_description/share/my_robot_description//meshes/left_arm/left_finger3_middle.stl
[0.767s] -- Symlinking: /home/shreyas/ros2_ws/install/my_robot_description/share/my_robot_description//meshes/left_arm/left_finger3_upper.stl
[0.777s] -- Symlinking: /home/shreyas/ros2_ws/install/my_robot_description/share/my_robot_description//meshes/left_arm/left_finger4_lower.stl
[0.786s] -- Symlinking: /home/shreyas/ros2_ws/install/my_robot_description/share/my_robot_description//meshes/left_arm/left_finger4_middle.stl
[0.796s] -- Symlinking: /home/shreyas/ros2_ws/install/my_robot_description/share/my_robot_description//meshes/left_arm/left_finger4_upper.stl
[0.805s] -- Symlinking: /home/shreyas/ros2_ws/install/my_robot_description/share/my_robot_description//meshes/left_arm/left_forarm_cover.stl
[0.814s] -- Symlinking: /home/shreyas/ros2_ws/install/my_robot_description/share/my_robot_description//meshes/left_arm/left_palm.stl
[0.826s] -- Symlinking: /home/shreyas/ros2_ws/install/my_robot_description/share/my_robot_description//meshes/left_arm/left_thomb_midle.stl
[0.834s] -- Symlinking: /home/shreyas/ros2_ws/install/my_robot_description/share/my_robot_description//meshes/left_arm/left_thomb_to_palm.stl
[0.844s] -- Symlinking: /home/shreyas/ros2_ws/install/my_robot_description/share/my_robot_description//meshes/left_arm/left_thomb_upper.stl
[0.853s] -- Symlinking: /home/shreyas/ros2_ws/install/my_robot_description/share/my_robot_description//meshes/left_arm/left_wrist.stl
[0.862s] -- Symlinking: /home/shreyas/ros2_ws/install/my_robot_description/share/my_robot_description//meshes/neck/neck.STL
[0.870s] -- Symlinking: /home/shreyas/ros2_ws/install/my_robot_description/share/my_robot_description//meshes/right_arm/.stl
[0.879s] -- Symlinking: /home/shreyas/ros2_ws/install/my_robot_description/share/my_robot_description//meshes/right_arm/right_Bisecp_lower.stl
[0.888s] -- Symlinking: /home/shreyas/ros2_ws/install/my_robot_description/share/my_robot_description//meshes/right_arm/right_S_to_Bisecp.stl
[0.897s] -- Symlinking: /home/shreyas/ros2_ws/install/my_robot_description/share/my_robot_description//meshes/right_arm/right_S_to_C.stl
[0.906s] -- Symlinking: /home/shreyas/ros2_ws/install/my_robot_description/share/my_robot_description//meshes/right_arm/right_bisecp_uper.stl
[0.915s] -- Symlinking: /home/shreyas/ros2_ws/install/my_robot_description/share/my_robot_description//meshes/right_arm/right_elbow_inword.stl
[0.924s] -- Symlinking: /home/shreyas/ros2_ws/install/my_robot_description/share/my_robot_description//meshes/right_arm/right_elbow_middle.stl
[0.933s] -- Symlinking: /home/shreyas/ros2_ws/install/my_robot_description/share/my_robot_description//meshes/right_arm/right_elbow_outword.stl
[0.942s] -- Symlinking: /home/shreyas/ros2_ws/install/my_robot_description/share/my_robot_description//meshes/right_arm/right_elbow_to_forarm_upper.stl
[0.951s] -- Symlinking: /home/shreyas/ros2_ws/install/my_robot_description/share/my_robot_description//meshes/right_arm/right_finger1_lower.stl
[0.959s] -- Symlinking: /home/shreyas/ros2_ws/install/my_robot_description/share/my_robot_description//meshes/right_arm/right_finger1_middle.stl
[0.968s] -- Symlinking: /home/shreyas/ros2_ws/install/my_robot_description/share/my_robot_description//meshes/right_arm/right_finger1_upper.stl
[0.977s] -- Symlinking: /home/shreyas/ros2_ws/install/my_robot_description/share/my_robot_description//meshes/right_arm/right_finger2_lower.stl
[0.985s] -- Symlinking: /home/shreyas/ros2_ws/install/my_robot_description/share/my_robot_description//meshes/right_arm/right_finger2_middle.stl
[0.994s] -- Symlinking: /home/shreyas/ros2_ws/install/my_robot_description/share/my_robot_description//meshes/right_arm/right_finger2_upper.stl
[1.003s] -- Symlinking: /home/shreyas/ros2_ws/install/my_robot_description/share/my_robot_description//meshes/right_arm/right_finger3_lower.stl
[1.012s] -- Symlinking: /home/shreyas/ros2_ws/install/my_robot_description/share/my_robot_description//meshes/right_arm/right_finger3_middle.stl
[1.021s] -- Symlinking: /home/shreyas/ros2_ws/install/my_robot_description/share/my_robot_description//meshes/right_arm/right_finger3_upper.stl
[1.030s] -- Symlinking: /home/shreyas/ros2_ws/install/my_robot_description/share/my_robot_description//meshes/right_arm/right_finger4_lower.stl
[1.038s] -- Symlinking: /home/shreyas/ros2_ws/install/my_robot_description/share/my_robot_description//meshes/right_arm/right_finger4_middle.stl
[1.047s] -- Symlinking: /home/shreyas/ros2_ws/install/my_robot_description/share/my_robot_description//meshes/right_arm/right_finger4_upper.stl
[1.056s] -- Symlinking: /home/shreyas/ros2_ws/install/my_robot_description/share/my_robot_description//meshes/right_arm/right_forarm_cover.stl
[1.064s] -- Symlinking: /home/shreyas/ros2_ws/install/my_robot_description/share/my_robot_description//meshes/right_arm/right_forarm_internal_support.stl
[1.072s] -- Symlinking: /home/shreyas/ros2_ws/install/my_robot_description/share/my_robot_description//meshes/right_arm/right_forarm_lower_1.stl
[1.080s] -- Symlinking: /home/shreyas/ros2_ws/install/my_robot_description/share/my_robot_description//meshes/right_arm/right_palm.stl
[1.091s] -- Symlinking: /home/shreyas/ros2_ws/install/my_robot_description/share/my_robot_description//meshes/right_arm/right_thomb_midle.stl
[1.101s] -- Symlinking: /home/shreyas/ros2_ws/install/my_robot_description/share/my_robot_description//meshes/right_arm/right_thomb_to_palm.stl
[1.110s] -- Symlinking: /home/shreyas/ros2_ws/install/my_robot_description/share/my_robot_description//meshes/right_arm/right_thomb_upper.stl
[1.119s] -- Symlinking: /home/shreyas/ros2_ws/install/my_robot_description/share/my_robot_description//meshes/right_arm/right_wrist.stl
[1.127s] -- Symlinking: /home/shreyas/ros2_ws/install/my_robot_description/share/ament_index/resource_index/package_run_dependencies/my_robot_description
[1.135s] -- Symlinking: /home/shreyas/ros2_ws/install/my_robot_description/share/ament_index/resource_index/parent_prefix_path/my_robot_description
[1.143s] -- Symlinking: /home/shreyas/ros2_ws/install/my_robot_description/share/my_robot_description/environment/ament_prefix_path.sh
[1.152s] -- Symlinking: /home/shreyas/ros2_ws/install/my_robot_description/share/my_robot_description/environment/ament_prefix_path.dsv
[1.161s] -- Symlinking: /home/shreyas/ros2_ws/install/my_robot_description/share/my_robot_description/environment/path.sh
[1.169s] -- Symlinking: /home/shreyas/ros2_ws/install/my_robot_description/share/my_robot_description/environment/path.dsv
[1.177s] -- Symlinking: /home/shreyas/ros2_ws/install/my_robot_description/share/my_robot_description/local_setup.bash
[1.185s] -- Symlinking: /home/shreyas/ros2_ws/install/my_robot_description/share/my_robot_description/local_setup.sh
[1.194s] -- Symlinking: /home/shreyas/ros2_ws/install/my_robot_description/share/my_robot_description/local_setup.zsh
[1.202s] -- Symlinking: /home/shreyas/ros2_ws/install/my_robot_description/share/my_robot_description/local_setup.dsv
[1.210s] -- Symlinking: /home/shreyas/ros2_ws/install/my_robot_description/share/my_robot_description/package.dsv
[1.218s] -- Symlinking: /home/shreyas/ros2_ws/install/my_robot_description/share/ament_index/resource_index/packages/my_robot_description
[1.227s] -- Symlinking: /home/shreyas/ros2_ws/install/my_robot_description/share/my_robot_description/cmake/my_robot_descriptionConfig.cmake
[1.235s] -- Symlinking: /home/shreyas/ros2_ws/install/my_robot_description/share/my_robot_description/cmake/my_robot_descriptionConfig-version.cmake
[1.245s] -- Symlinking: /home/shreyas/ros2_ws/install/my_robot_description/share/my_robot_description/package.xml
[1.255s] Invoked command in '/home/shreyas/ros2_ws/build/my_robot_description' returned '0': CMAKE_PREFIX_PATH=${CMAKE_PREFIX_PATH}:/opt/ros/jazzy DEBUGINFOD_URLS=https://debuginfod.ubuntu.com /usr/bin/cmake --install /home/shreyas/ros2_ws/build/my_robot_description
