[1.476s] DEBUG:colcon:Command line arguments: ['/usr/bin/colcon', 'build']
[1.476s] DEBUG:colcon:Parsed command line arguments: Namespace(log_base=None, log_level=None, verb_name='build', build_base='build', install_base='install', merge_install=False, symlink_install=False, test_result_base=None, continue_on_error=False, executor='parallel', parallel_workers=8, event_handlers=None, ignore_user_meta=False, metas=['./colcon.meta'], base_paths=['.'], packages_ignore=None, packages_ignore_regex=None, paths=None, packages_up_to=None, packages_up_to_regex=None, packages_above=None, packages_above_and_dependencies=None, packages_above_depth=None, packages_select_by_dep=None, packages_skip_by_dep=None, packages_skip_up_to=None, packages_select_build_failed=False, packages_skip_build_finished=False, packages_select_test_failures=False, packages_skip_test_passed=False, packages_select=None, packages_skip=None, packages_select_regex=None, packages_skip_regex=None, packages_start=None, packages_end=None, allow_overriding=[], bazel_args=None, bazel_task=None, cmake_args=None, cmake_target=None, cmake_target_skip_unavailable=False, cmake_clean_cache=False, cmake_clean_first=False, cmake_force_configure=False, meson_args=[], ament_cmake_args=None, catkin_cmake_args=None, catkin_skip_building_tests=False, mixin_files=None, mixin=None, verb_parser=<colcon_alias.argument_parser.alias.AliasArgumentDecorator object at 0x7991a2e253a0>, verb_extension=<colcon_core.verb.build.BuildVerb object at 0x7991a2e24830>, main=<bound method BuildVerb.main of <colcon_core.verb.build.BuildVerb object at 0x7991a2e24830>>, mixin_verb=('build',))
[1.793s] Level 1:colcon.colcon_core.package_discovery:discover_packages(colcon_meta) check parameters
[1.794s] Level 1:colcon.colcon_core.package_discovery:discover_packages(recursive) check parameters
[1.794s] Level 1:colcon.colcon_core.package_discovery:discover_packages(ignore) check parameters
[1.794s] Level 1:colcon.colcon_core.package_discovery:discover_packages(path) check parameters
[1.795s] Level 1:colcon.colcon_core.package_discovery:discover_packages(colcon_meta) discover
[1.795s] Level 1:colcon.colcon_core.package_discovery:discover_packages(recursive) discover
[1.795s] INFO:colcon.colcon_core.package_discovery:Crawling recursively for packages in '/home/shreyas/ros2_ws'
[1.795s] Level 1:colcon.colcon_core.package_identification:_identify(.) by extensions ['ignore', 'ignore_ament_install']
[1.796s] Level 1:colcon.colcon_core.package_identification:_identify(.) by extension 'ignore'
[1.796s] Level 1:colcon.colcon_core.package_identification:_identify(.) by extension 'ignore_ament_install'
[1.796s] Level 1:colcon.colcon_core.package_identification:_identify(.) by extensions ['colcon_pkg']
[1.796s] Level 1:colcon.colcon_core.package_identification:_identify(.) by extension 'colcon_pkg'
[1.797s] Level 1:colcon.colcon_core.package_identification:_identify(.) by extensions ['colcon_meta']
[1.797s] Level 1:colcon.colcon_core.package_identification:_identify(.) by extension 'colcon_meta'
[1.798s] Level 1:colcon.colcon_core.package_identification:_identify(.) by extensions ['ros']
[1.798s] Level 1:colcon.colcon_core.package_identification:_identify(.) by extension 'ros'
[1.809s] Level 1:colcon.colcon_core.package_identification:_identify(.) by extensions ['bazel', 'cmake', 'meson', 'python']
[1.809s] Level 1:colcon.colcon_core.package_identification:_identify(.) by extension 'bazel'
[1.810s] Level 1:colcon.colcon_core.package_identification:_identify(.) by extension 'cmake'
[1.811s] Level 1:colcon.colcon_core.package_identification:_identify(.) by extension 'meson'
[1.811s] Level 1:colcon.colcon_core.package_identification:_identify(.) by extension 'python'
[1.811s] Level 1:colcon.colcon_core.package_identification:_identify(.) by extensions ['python_setup_py']
[1.811s] Level 1:colcon.colcon_core.package_identification:_identify(.) by extension 'python_setup_py'
[1.812s] Level 1:colcon.colcon_core.package_identification:_identify(build) by extensions ['ignore', 'ignore_ament_install']
[1.812s] Level 1:colcon.colcon_core.package_identification:_identify(build) by extension 'ignore'
[1.812s] Level 1:colcon.colcon_core.package_identification:_identify(build) ignored
[1.812s] Level 1:colcon.colcon_core.package_identification:_identify(install) by extensions ['ignore', 'ignore_ament_install']
[1.813s] Level 1:colcon.colcon_core.package_identification:_identify(install) by extension 'ignore'
[1.813s] Level 1:colcon.colcon_core.package_identification:_identify(install) ignored
[1.813s] Level 1:colcon.colcon_core.package_identification:_identify(log) by extensions ['ignore', 'ignore_ament_install']
[1.814s] Level 1:colcon.colcon_core.package_identification:_identify(log) by extension 'ignore'
[1.814s] Level 1:colcon.colcon_core.package_identification:_identify(log) ignored
[1.815s] Level 1:colcon.colcon_core.package_identification:_identify(src) by extensions ['ignore', 'ignore_ament_install']
[1.815s] Level 1:colcon.colcon_core.package_identification:_identify(src) by extension 'ignore'
[1.815s] Level 1:colcon.colcon_core.package_identification:_identify(src) by extension 'ignore_ament_install'
[1.815s] Level 1:colcon.colcon_core.package_identification:_identify(src) by extensions ['colcon_pkg']
[1.815s] Level 1:colcon.colcon_core.package_identification:_identify(src) by extension 'colcon_pkg'
[1.815s] Level 1:colcon.colcon_core.package_identification:_identify(src) by extensions ['colcon_meta']
[1.815s] Level 1:colcon.colcon_core.package_identification:_identify(src) by extension 'colcon_meta'
[1.816s] Level 1:colcon.colcon_core.package_identification:_identify(src) by extensions ['ros']
[1.816s] Level 1:colcon.colcon_core.package_identification:_identify(src) by extension 'ros'
[1.816s] Level 1:colcon.colcon_core.package_identification:_identify(src) by extensions ['bazel', 'cmake', 'meson', 'python']
[1.816s] Level 1:colcon.colcon_core.package_identification:_identify(src) by extension 'bazel'
[1.816s] Level 1:colcon.colcon_core.package_identification:_identify(src) by extension 'cmake'
[1.816s] Level 1:colcon.colcon_core.package_identification:_identify(src) by extension 'meson'
[1.816s] Level 1:colcon.colcon_core.package_identification:_identify(src) by extension 'python'
[1.816s] Level 1:colcon.colcon_core.package_identification:_identify(src) by extensions ['python_setup_py']
[1.817s] Level 1:colcon.colcon_core.package_identification:_identify(src) by extension 'python_setup_py'
[1.817s] Level 1:colcon.colcon_core.package_identification:_identify(src/log) by extensions ['ignore', 'ignore_ament_install']
[1.817s] Level 1:colcon.colcon_core.package_identification:_identify(src/log) by extension 'ignore'
[1.817s] Level 1:colcon.colcon_core.package_identification:_identify(src/log) ignored
[1.817s] Level 1:colcon.colcon_core.package_identification:_identify(src/my_robot_description) by extensions ['ignore', 'ignore_ament_install']
[1.818s] Level 1:colcon.colcon_core.package_identification:_identify(src/my_robot_description) by extension 'ignore'
[1.818s] Level 1:colcon.colcon_core.package_identification:_identify(src/my_robot_description) by extension 'ignore_ament_install'
[1.818s] Level 1:colcon.colcon_core.package_identification:_identify(src/my_robot_description) by extensions ['colcon_pkg']
[1.818s] Level 1:colcon.colcon_core.package_identification:_identify(src/my_robot_description) by extension 'colcon_pkg'
[1.818s] Level 1:colcon.colcon_core.package_identification:_identify(src/my_robot_description) by extensions ['colcon_meta']
[1.818s] Level 1:colcon.colcon_core.package_identification:_identify(src/my_robot_description) by extension 'colcon_meta'
[1.819s] Level 1:colcon.colcon_core.package_identification:_identify(src/my_robot_description) by extensions ['ros']
[1.819s] Level 1:colcon.colcon_core.package_identification:_identify(src/my_robot_description) by extension 'ros'
[1.826s] DEBUG:colcon.colcon_core.package_identification:Package 'src/my_robot_description' with type 'ros.ament_cmake' and name 'my_robot_description'
[1.826s] Level 1:colcon.colcon_core.package_discovery:discover_packages(recursive) using defaults
[1.827s] Level 1:colcon.colcon_core.package_discovery:discover_packages(ignore) discover
[1.827s] Level 1:colcon.colcon_core.package_discovery:discover_packages(ignore) using defaults
[1.827s] Level 1:colcon.colcon_core.package_discovery:discover_packages(path) discover
[1.827s] Level 1:colcon.colcon_core.package_discovery:discover_packages(path) using defaults
[1.896s] Level 1:colcon.colcon_core.package_discovery:discover_packages(prefix_path) check parameters
[1.897s] Level 1:colcon.colcon_core.package_discovery:discover_packages(prefix_path) discover
[1.913s] DEBUG:colcon.colcon_installed_package_information.package_discovery:Found 1 installed packages in /home/shreyas/ros2_ws/install
[1.923s] DEBUG:colcon.colcon_installed_package_information.package_discovery:Found 652 installed packages in /opt/ros/jazzy
[1.931s] Level 1:colcon.colcon_core.package_discovery:discover_packages(prefix_path) using defaults
[2.300s] Level 5:colcon.colcon_core.verb:set package 'my_robot_description' build argument 'bazel_args' from command line to 'None'
[2.300s] Level 5:colcon.colcon_core.verb:set package 'my_robot_description' build argument 'bazel_task' from command line to 'None'
[2.300s] Level 5:colcon.colcon_core.verb:set package 'my_robot_description' build argument 'cmake_args' from command line to 'None'
[2.300s] Level 5:colcon.colcon_core.verb:set package 'my_robot_description' build argument 'cmake_target' from command line to 'None'
[2.301s] Level 5:colcon.colcon_core.verb:set package 'my_robot_description' build argument 'cmake_target_skip_unavailable' from command line to 'False'
[2.301s] Level 5:colcon.colcon_core.verb:set package 'my_robot_description' build argument 'cmake_clean_cache' from command line to 'False'
[2.301s] Level 5:colcon.colcon_core.verb:set package 'my_robot_description' build argument 'cmake_clean_first' from command line to 'False'
[2.301s] Level 5:colcon.colcon_core.verb:set package 'my_robot_description' build argument 'cmake_force_configure' from command line to 'False'
[2.301s] Level 5:colcon.colcon_core.verb:set package 'my_robot_description' build argument 'meson_args' from command line to '[]'
[2.301s] Level 5:colcon.colcon_core.verb:set package 'my_robot_description' build argument 'ament_cmake_args' from command line to 'None'
[2.301s] Level 5:colcon.colcon_core.verb:set package 'my_robot_description' build argument 'catkin_cmake_args' from command line to 'None'
[2.301s] Level 5:colcon.colcon_core.verb:set package 'my_robot_description' build argument 'catkin_skip_building_tests' from command line to 'False'
[2.301s] DEBUG:colcon.colcon_core.verb:Building package 'my_robot_description' with the following arguments: {'ament_cmake_args': None, 'bazel_args': None, 'bazel_task': None, 'build_base': '/home/shreyas/ros2_ws/build/my_robot_description', 'catkin_cmake_args': None, 'catkin_skip_building_tests': False, 'cmake_args': None, 'cmake_clean_cache': False, 'cmake_clean_first': False, 'cmake_force_configure': False, 'cmake_target': None, 'cmake_target_skip_unavailable': False, 'install_base': '/home/shreyas/ros2_ws/install/my_robot_description', 'merge_install': False, 'meson_args': [], 'path': '/home/shreyas/ros2_ws/src/my_robot_description', 'symlink_install': False, 'test_result_base': None}
[2.302s] INFO:colcon.colcon_core.executor:Executing jobs using 'parallel' executor
[2.304s] DEBUG:colcon.colcon_parallel_executor.executor.parallel:run_until_complete
[2.305s] INFO:colcon.colcon_ros.task.ament_cmake.build:Building ROS package in '/home/shreyas/ros2_ws/src/my_robot_description' with build type 'ament_cmake'
[2.306s] INFO:colcon.colcon_cmake.task.cmake.build:Building CMake package in '/home/shreyas/ros2_ws/src/my_robot_description'
[2.325s] INFO:colcon.colcon_core.plugin_system:Skipping extension 'colcon_core.shell.bat': Not used on non-Windows systems
[2.325s] DEBUG:colcon.colcon_ros_domain_id_coordinator.shell.ros_domain_id:Allocated ROS_DOMAIN_ID=20 for '/home/shreyas/ros2_ws/build/my_robot_description'
[2.325s] INFO:colcon.colcon_core.shell:Skip shell extension 'ros_domain_id' for command environment: 
[2.326s] INFO:colcon.colcon_core.shell:Skip shell extension 'powershell' for command environment: Not usable outside of PowerShell
[2.326s] DEBUG:colcon.colcon_core.shell:Skip shell extension 'dsv' for command environment
[2.353s] DEBUG:colcon.colcon_core.event_handler.log_command:Invoking command in '/home/shreyas/ros2_ws/build/my_robot_description': CMAKE_PREFIX_PATH=${CMAKE_PREFIX_PATH}:/opt/ros/jazzy DEBUGINFOD_URLS=https://debuginfod.ubuntu.com /usr/bin/cmake --build /home/shreyas/ros2_ws/build/my_robot_description -- -j8 -l8
[2.455s] DEBUG:colcon.colcon_core.event_handler.log_command:Invoked command in '/home/shreyas/ros2_ws/build/my_robot_description' returned '0': CMAKE_PREFIX_PATH=${CMAKE_PREFIX_PATH}:/opt/ros/jazzy DEBUGINFOD_URLS=https://debuginfod.ubuntu.com /usr/bin/cmake --build /home/shreyas/ros2_ws/build/my_robot_description -- -j8 -l8
[2.482s] DEBUG:colcon.colcon_core.event_handler.log_command:Invoking command in '/home/shreyas/ros2_ws/build/my_robot_description': CMAKE_PREFIX_PATH=${CMAKE_PREFIX_PATH}:/opt/ros/jazzy DEBUGINFOD_URLS=https://debuginfod.ubuntu.com /usr/bin/cmake --install /home/shreyas/ros2_ws/build/my_robot_description
[2.517s] Level 1:colcon.colcon_core.environment:create_environment_scripts_only(my_robot_description)
[2.556s] DEBUG:colcon.colcon_core.event_handler.log_command:Invoked command in '/home/shreyas/ros2_ws/build/my_robot_description' returned '0': CMAKE_PREFIX_PATH=${CMAKE_PREFIX_PATH}:/opt/ros/jazzy DEBUGINFOD_URLS=https://debuginfod.ubuntu.com /usr/bin/cmake --install /home/shreyas/ros2_ws/build/my_robot_description
[2.560s] Level 1:colcon.colcon_core.environment:checking '/home/shreyas/ros2_ws/install/my_robot_description' for CMake module files
[2.561s] Level 1:colcon.colcon_core.environment:checking '/home/shreyas/ros2_ws/install/my_robot_description' for CMake config files
[2.562s] Level 1:colcon.colcon_core.shell:create_environment_hook('my_robot_description', 'cmake_prefix_path')
[2.563s] INFO:colcon.colcon_core.shell:Creating environment hook '/home/shreyas/ros2_ws/install/my_robot_description/share/my_robot_description/hook/cmake_prefix_path.ps1'
[2.565s] INFO:colcon.colcon_core.shell:Creating environment descriptor '/home/shreyas/ros2_ws/install/my_robot_description/share/my_robot_description/hook/cmake_prefix_path.dsv'
[2.566s] INFO:colcon.colcon_core.shell:Creating environment hook '/home/shreyas/ros2_ws/install/my_robot_description/share/my_robot_description/hook/cmake_prefix_path.sh'
[2.569s] Level 1:colcon.colcon_core.environment:checking '/home/shreyas/ros2_ws/install/my_robot_description/bin'
[2.569s] Level 1:colcon.colcon_core.environment:checking '/home/shreyas/ros2_ws/install/my_robot_description/lib/pkgconfig/my_robot_description.pc'
[2.570s] Level 1:colcon.colcon_core.environment:checking '/home/shreyas/ros2_ws/install/my_robot_description/lib/python3.12/site-packages'
[2.570s] Level 1:colcon.colcon_core.environment:checking '/home/shreyas/ros2_ws/install/my_robot_description/bin'
[2.571s] INFO:colcon.colcon_core.shell:Creating package script '/home/shreyas/ros2_ws/install/my_robot_description/share/my_robot_description/package.ps1'
[2.573s] INFO:colcon.colcon_core.shell:Creating package descriptor '/home/shreyas/ros2_ws/install/my_robot_description/share/my_robot_description/package.dsv'
[2.575s] INFO:colcon.colcon_core.shell:Creating package script '/home/shreyas/ros2_ws/install/my_robot_description/share/my_robot_description/package.sh'
[2.578s] INFO:colcon.colcon_core.shell:Creating package script '/home/shreyas/ros2_ws/install/my_robot_description/share/my_robot_description/package.bash'
[2.581s] INFO:colcon.colcon_core.shell:Creating package script '/home/shreyas/ros2_ws/install/my_robot_description/share/my_robot_description/package.zsh'
[2.583s] Level 1:colcon.colcon_core.environment:create_file_with_runtime_dependencies(/home/shreyas/ros2_ws/install/my_robot_description/share/colcon-core/packages/my_robot_description)
[2.585s] Level 1:colcon.colcon_core.environment:create_environment_scripts_only(my_robot_description)
[2.585s] Level 1:colcon.colcon_core.environment:checking '/home/shreyas/ros2_ws/install/my_robot_description' for CMake module files
[2.588s] Level 1:colcon.colcon_core.environment:checking '/home/shreyas/ros2_ws/install/my_robot_description' for CMake config files
[2.589s] Level 1:colcon.colcon_core.shell:create_environment_hook('my_robot_description', 'cmake_prefix_path')
[2.589s] INFO:colcon.colcon_core.shell:Creating environment hook '/home/shreyas/ros2_ws/install/my_robot_description/share/my_robot_description/hook/cmake_prefix_path.ps1'
[2.592s] INFO:colcon.colcon_core.shell:Creating environment descriptor '/home/shreyas/ros2_ws/install/my_robot_description/share/my_robot_description/hook/cmake_prefix_path.dsv'
[2.593s] INFO:colcon.colcon_core.shell:Creating environment hook '/home/shreyas/ros2_ws/install/my_robot_description/share/my_robot_description/hook/cmake_prefix_path.sh'
[2.596s] Level 1:colcon.colcon_core.environment:checking '/home/shreyas/ros2_ws/install/my_robot_description/bin'
[2.596s] Level 1:colcon.colcon_core.environment:checking '/home/shreyas/ros2_ws/install/my_robot_description/lib/pkgconfig/my_robot_description.pc'
[2.597s] Level 1:colcon.colcon_core.environment:checking '/home/shreyas/ros2_ws/install/my_robot_description/lib/python3.12/site-packages'
[2.598s] Level 1:colcon.colcon_core.environment:checking '/home/shreyas/ros2_ws/install/my_robot_description/bin'
[2.598s] INFO:colcon.colcon_core.shell:Creating package script '/home/shreyas/ros2_ws/install/my_robot_description/share/my_robot_description/package.ps1'
[2.600s] INFO:colcon.colcon_core.shell:Creating package descriptor '/home/shreyas/ros2_ws/install/my_robot_description/share/my_robot_description/package.dsv'
[2.601s] INFO:colcon.colcon_core.shell:Creating package script '/home/shreyas/ros2_ws/install/my_robot_description/share/my_robot_description/package.sh'
[2.602s] INFO:colcon.colcon_core.shell:Creating package script '/home/shreyas/ros2_ws/install/my_robot_description/share/my_robot_description/package.bash'
[2.605s] INFO:colcon.colcon_core.shell:Creating package script '/home/shreyas/ros2_ws/install/my_robot_description/share/my_robot_description/package.zsh'
[2.606s] Level 1:colcon.colcon_core.environment:create_file_with_runtime_dependencies(/home/shreyas/ros2_ws/install/my_robot_description/share/colcon-core/packages/my_robot_description)
[2.607s] DEBUG:colcon.colcon_parallel_executor.executor.parallel:closing loop
[2.607s] DEBUG:colcon.colcon_ros_domain_id_coordinator.shell.ros_domain_id:Released ROS_DOMAIN_ID=20 for '/home/shreyas/ros2_ws/build/my_robot_description'
[2.609s] DEBUG:colcon.colcon_parallel_executor.executor.parallel:loop closed
[2.610s] DEBUG:colcon.colcon_parallel_executor.executor.parallel:run_until_complete finished with '0'
[2.611s] DEBUG:colcon.colcon_core.event_reactor:joining thread
[2.634s] INFO:colcon.colcon_core.plugin_system:Skipping extension 'colcon_notification.desktop_notification.terminal_notifier': Not used on non-Darwin systems
[2.635s] INFO:colcon.colcon_core.plugin_system:Skipping extension 'colcon_notification.desktop_notification.win32': Not used on non-Windows systems
[2.635s] INFO:colcon.colcon_notification.desktop_notification:Sending desktop notification using 'notify2'
[2.671s] DEBUG:colcon.colcon_core.event_reactor:joined thread
[2.672s] INFO:colcon.colcon_core.shell:Creating prefix script '/home/shreyas/ros2_ws/install/local_setup.ps1'
[2.674s] INFO:colcon.colcon_core.shell:Creating prefix util module '/home/shreyas/ros2_ws/install/_local_setup_util_ps1.py'
[2.677s] INFO:colcon.colcon_core.shell:Creating prefix chain script '/home/shreyas/ros2_ws/install/setup.ps1'
[2.679s] INFO:colcon.colcon_core.shell:Creating prefix script '/home/shreyas/ros2_ws/install/local_setup.sh'
[2.680s] INFO:colcon.colcon_core.shell:Creating prefix util module '/home/shreyas/ros2_ws/install/_local_setup_util_sh.py'
[2.682s] INFO:colcon.colcon_core.shell:Creating prefix chain script '/home/shreyas/ros2_ws/install/setup.sh'
[2.685s] INFO:colcon.colcon_core.shell:Creating prefix script '/home/shreyas/ros2_ws/install/local_setup.bash'
[2.686s] INFO:colcon.colcon_core.shell:Creating prefix chain script '/home/shreyas/ros2_ws/install/setup.bash'
[2.688s] INFO:colcon.colcon_core.shell:Creating prefix script '/home/shreyas/ros2_ws/install/local_setup.zsh'
[2.689s] INFO:colcon.colcon_core.shell:Creating prefix chain script '/home/shreyas/ros2_ws/install/setup.zsh'
[2.691s] INFO:colcon.colcon_core.shell:Creating '/home/shreyas/ros2_ws/install/spawn_shell.bash'
