[1.701s] DEBUG:colcon:Command line arguments: ['/usr/bin/colcon', 'list', '-p', '--base-paths', '/home/shreyas/ros2_ws/src', '--log-base', '/dev/null']
[1.702s] DEBUG:colcon:Parsed command line arguments: Namespace(log_base=None, log_level=None, verb_name='list', build_base='build', ignore_user_meta=False, metas=['./colcon.meta'], base_paths=['/home/shreyas/ros2_ws/src', '--log-base', '/dev/null'], packages_ignore=None, packages_ignore_regex=None, paths=None, packages_up_to=None, packages_up_to_regex=None, packages_above=None, packages_above_and_dependencies=None, packages_above_depth=None, packages_select_by_dep=None, packages_skip_by_dep=None, packages_skip_up_to=None, packages_select_build_failed=False, packages_skip_build_finished=False, packages_select_test_failures=False, packages_skip_test_passed=False, packages_select=None, packages_skip=None, packages_select_regex=None, packages_skip_regex=None, packages_start=None, packages_end=None, allow_overriding=[], topological_order=False, names_only=False, paths_only=True, topological_graph=False, topological_graph_dot=False, topological_graph_density=False, topological_graph_legend=False, topological_graph_dot_cluster=False, topological_graph_dot_include_skipped=False, mixin_files=None, mixin=None, verb_parser=<colcon_alias.argument_parser.alias.AliasArgumentDecorator object at 0x7e4dbdcfb260>, verb_extension=<colcon_package_information.verb.list.ListVerb object at 0x7e4dbdcf8e00>, main=<bound method ListVerb.main of <colcon_package_information.verb.list.ListVerb object at 0x7e4dbdcf8e00>>, mixin_verb=('list',))
[2.786s] Level 1:colcon.colcon_core.package_discovery:discover_packages(colcon_meta) check parameters
[2.786s] Level 1:colcon.colcon_core.package_discovery:discover_packages(recursive) check parameters
[2.787s] Level 1:colcon.colcon_core.package_discovery:discover_packages(ignore) check parameters
[2.787s] Level 1:colcon.colcon_core.package_discovery:discover_packages(path) check parameters
[2.787s] Level 1:colcon.colcon_core.package_discovery:discover_packages(recursive) discover
[2.787s] INFO:colcon.colcon_core.package_discovery:Crawling recursively for packages in '/home/shreyas/ros2_ws/src', '/home/shreyas/ros2_ws/src/--log-base', '/dev/null'
[2.788s] Level 1:colcon.colcon_core.package_identification:_identify(/home/shreyas/ros2_ws/src) by extensions ['ignore', 'ignore_ament_install']
[2.788s] Level 1:colcon.colcon_core.package_identification:_identify(/home/shreyas/ros2_ws/src) by extension 'ignore'
[2.789s] Level 1:colcon.colcon_core.package_identification:_identify(/home/shreyas/ros2_ws/src) by extension 'ignore_ament_install'
[2.789s] Level 1:colcon.colcon_core.package_identification:_identify(/home/shreyas/ros2_ws/src) by extensions ['colcon_pkg']
[2.790s] Level 1:colcon.colcon_core.package_identification:_identify(/home/shreyas/ros2_ws/src) by extension 'colcon_pkg'
[2.790s] Level 1:colcon.colcon_core.package_identification:_identify(/home/shreyas/ros2_ws/src) by extensions ['colcon_meta']
[2.790s] Level 1:colcon.colcon_core.package_identification:_identify(/home/shreyas/ros2_ws/src) by extension 'colcon_meta'
[2.791s] Level 1:colcon.colcon_core.package_identification:_identify(/home/shreyas/ros2_ws/src) by extensions ['ros']
[2.791s] Level 1:colcon.colcon_core.package_identification:_identify(/home/shreyas/ros2_ws/src) by extension 'ros'
[2.813s] Level 1:colcon.colcon_core.package_identification:_identify(/home/shreyas/ros2_ws/src) by extensions ['bazel', 'cmake', 'meson', 'python']
[2.813s] Level 1:colcon.colcon_core.package_identification:_identify(/home/shreyas/ros2_ws/src) by extension 'bazel'
[2.814s] Level 1:colcon.colcon_core.package_identification:_identify(/home/shreyas/ros2_ws/src) by extension 'cmake'
[2.814s] Level 1:colcon.colcon_core.package_identification:_identify(/home/shreyas/ros2_ws/src) by extension 'meson'
[2.815s] Level 1:colcon.colcon_core.package_identification:_identify(/home/shreyas/ros2_ws/src) by extension 'python'
[2.816s] Level 1:colcon.colcon_core.package_identification:_identify(/home/shreyas/ros2_ws/src) by extensions ['python_setup_py']
[2.816s] Level 1:colcon.colcon_core.package_identification:_identify(/home/shreyas/ros2_ws/src) by extension 'python_setup_py'
[2.817s] Level 1:colcon.colcon_core.package_identification:_identify(/home/shreyas/ros2_ws/src/log) by extensions ['ignore', 'ignore_ament_install']
[2.818s] Level 1:colcon.colcon_core.package_identification:_identify(/home/shreyas/ros2_ws/src/log) by extension 'ignore'
[2.818s] Level 1:colcon.colcon_core.package_identification:_identify(/home/shreyas/ros2_ws/src/log) ignored
[2.819s] Level 1:colcon.colcon_core.package_identification:_identify(/home/shreyas/ros2_ws/src/my_robot_description) by extensions ['ignore', 'ignore_ament_install']
[2.819s] Level 1:colcon.colcon_core.package_identification:_identify(/home/shreyas/ros2_ws/src/my_robot_description) by extension 'ignore'
[2.820s] Level 1:colcon.colcon_core.package_identification:_identify(/home/shreyas/ros2_ws/src/my_robot_description) by extension 'ignore_ament_install'
[2.820s] Level 1:colcon.colcon_core.package_identification:_identify(/home/shreyas/ros2_ws/src/my_robot_description) by extensions ['colcon_pkg']
[2.820s] Level 1:colcon.colcon_core.package_identification:_identify(/home/shreyas/ros2_ws/src/my_robot_description) by extension 'colcon_pkg'
[2.820s] Level 1:colcon.colcon_core.package_identification:_identify(/home/shreyas/ros2_ws/src/my_robot_description) by extensions ['colcon_meta']
[2.820s] Level 1:colcon.colcon_core.package_identification:_identify(/home/shreyas/ros2_ws/src/my_robot_description) by extension 'colcon_meta'
[2.821s] Level 1:colcon.colcon_core.package_identification:_identify(/home/shreyas/ros2_ws/src/my_robot_description) by extensions ['ros']
[2.821s] Level 1:colcon.colcon_core.package_identification:_identify(/home/shreyas/ros2_ws/src/my_robot_description) by extension 'ros'
[2.838s] DEBUG:colcon.colcon_core.package_identification:Package '/home/shreyas/ros2_ws/src/my_robot_description' with type 'ros.ament_cmake' and name 'my_robot_description'
[2.838s] Level 1:colcon.colcon_core.package_discovery:discover_packages(recursive) using defaults
