[0.019s] Invoking command in '/home/shreyas/ros2_ws/build/my_robot_description': CMAKE_PREFIX_PATH=${CMAKE_PREFIX_PATH}:/opt/ros/humble /usr/bin/cmake --build /home/shreyas/ros2_ws/build/my_robot_description -- -j8 -l8
[0.073s] Invoked command in '/home/shreyas/ros2_ws/build/my_robot_description' returned '0': CMAKE_PREFIX_PATH=${CMAKE_PREFIX_PATH}:/opt/ros/humble /usr/bin/cmake --build /home/shreyas/ros2_ws/build/my_robot_description -- -j8 -l8
[0.090s] Invoking command in '/home/shreyas/ros2_ws/build/my_robot_description': CMAKE_PREFIX_PATH=${CMAKE_PREFIX_PATH}:/opt/ros/humble /usr/bin/cmake --install /home/shreyas/ros2_ws/build/my_robot_description
[0.101s] -- Install configuration: ""
[0.101s] -- Execute custom install script
[0.102s] -- Up-to-date symlink: /home/shreyas/ros2_ws/install/my_robot_description/share/my_robot_description//urdf/arm.xacro
[0.102s] -- Up-to-date symlink: /home/shreyas/ros2_ws/install/my_robot_description/share/my_robot_description//urdf/arm_gazebo.xacro
[0.103s] -- Up-to-date symlink: /home/shreyas/ros2_ws/install/my_robot_description/share/my_robot_description//urdf/camera.xacro
[0.103s] -- Up-to-date symlink: /home/shreyas/ros2_ws/install/my_robot_description/share/my_robot_description//urdf/common_properties.xacro
[0.103s] -- Up-to-date symlink: /home/shreyas/ros2_ws/install/my_robot_description/share/my_robot_description//urdf/hruh.xacro
[0.103s] -- Up-to-date symlink: /home/shreyas/ros2_ws/install/my_robot_description/share/my_robot_description//urdf/mobile_base.xacro
[0.103s] -- Up-to-date symlink: /home/shreyas/ros2_ws/install/my_robot_description/share/my_robot_description//urdf/mobile_base_gazebo.xacro
[0.104s] -- Up-to-date symlink: /home/shreyas/ros2_ws/install/my_robot_description/share/my_robot_description//urdf/my_robot.urdf.xacro
[0.104s] -- Up-to-date symlink: /home/shreyas/ros2_ws/install/my_robot_description/share/my_robot_description//launch/display.launch.py
[0.104s] -- Up-to-date symlink: /home/shreyas/ros2_ws/install/my_robot_description/share/my_robot_description//launch/display.launch.xml
[0.105s] -- Up-to-date symlink: /home/shreyas/ros2_ws/install/my_robot_description/share/my_robot_description//launch/my_robot.launch.py
[0.105s] -- Up-to-date symlink: /home/shreyas/ros2_ws/install/my_robot_description/share/my_robot_description//launch/my_robot.launch.xml
[0.105s] -- Up-to-date symlink: /home/shreyas/ros2_ws/install/my_robot_description/share/my_robot_description//rviz/urdf_config.rviz
[0.106s] -- Up-to-date symlink: /home/shreyas/ros2_ws/install/my_robot_description/share/my_robot_description//worlds/my_world.sdf
[0.106s] -- Up-to-date symlink: /home/shreyas/ros2_ws/install/my_robot_description/share/my_robot_description//worlds/my_world.world
[0.106s] -- Up-to-date symlink: /home/shreyas/ros2_ws/install/my_robot_description/share/my_robot_description//config/controllers.yaml
[0.107s] -- Symlinking: /home/shreyas/ros2_ws/install/my_robot_description/share/my_robot_description//config/ros2_controllers.yaml
[0.120s] -- Up-to-date symlink: /home/shreyas/ros2_ws/install/my_robot_description/share/my_robot_description//meshes/chest/chest.STL
[0.121s] -- Up-to-date symlink: /home/shreyas/ros2_ws/install/my_robot_description/share/my_robot_description//meshes/head/head.stl
[0.121s] -- Up-to-date symlink: /home/shreyas/ros2_ws/install/my_robot_description/share/my_robot_description//meshes/left_arm/Left_bisecp_uper.stl
[0.121s] -- Up-to-date symlink: /home/shreyas/ros2_ws/install/my_robot_description/share/my_robot_description//meshes/left_arm/Left_elbow_outword.stl
[0.121s] -- Up-to-date symlink: /home/shreyas/ros2_ws/install/my_robot_description/share/my_robot_description//meshes/left_arm/Left_forarm_internal_support.stl
[0.122s] -- Up-to-date symlink: /home/shreyas/ros2_ws/install/my_robot_description/share/my_robot_description//meshes/left_arm/Left_forarm_lower_1.stl
[0.122s] -- Up-to-date symlink: /home/shreyas/ros2_ws/install/my_robot_description/share/my_robot_description//meshes/left_arm/left_Bisecp_lower.stl
[0.122s] -- Up-to-date symlink: /home/shreyas/ros2_ws/install/my_robot_description/share/my_robot_description//meshes/left_arm/left_S_to_Bisecp.stl
[0.122s] -- Up-to-date symlink: /home/shreyas/ros2_ws/install/my_robot_description/share/my_robot_description//meshes/left_arm/left_S_to_C.stl
[0.122s] -- Up-to-date symlink: /home/shreyas/ros2_ws/install/my_robot_description/share/my_robot_description//meshes/left_arm/left_elbow_inword.stl
[0.123s] -- Up-to-date symlink: /home/shreyas/ros2_ws/install/my_robot_description/share/my_robot_description//meshes/left_arm/left_elbow_midle.stl
[0.123s] -- Up-to-date symlink: /home/shreyas/ros2_ws/install/my_robot_description/share/my_robot_description//meshes/left_arm/left_elbow_to_forarm_upper.stl
[0.123s] -- Up-to-date symlink: /home/shreyas/ros2_ws/install/my_robot_description/share/my_robot_description//meshes/left_arm/left_finger1_lower.stl
[0.123s] -- Up-to-date symlink: /home/shreyas/ros2_ws/install/my_robot_description/share/my_robot_description//meshes/left_arm/left_finger1_middle.stl
[0.123s] -- Up-to-date symlink: /home/shreyas/ros2_ws/install/my_robot_description/share/my_robot_description//meshes/left_arm/left_finger1_upper.stl
[0.124s] -- Up-to-date symlink: /home/shreyas/ros2_ws/install/my_robot_description/share/my_robot_description//meshes/left_arm/left_finger2_lower.stl
[0.124s] -- Up-to-date symlink: /home/shreyas/ros2_ws/install/my_robot_description/share/my_robot_description//meshes/left_arm/left_finger2_middle.stl
[0.124s] -- Up-to-date symlink: /home/shreyas/ros2_ws/install/my_robot_description/share/my_robot_description//meshes/left_arm/left_finger2_upper.stl
[0.124s] -- Up-to-date symlink: /home/shreyas/ros2_ws/install/my_robot_description/share/my_robot_description//meshes/left_arm/left_finger3_lower.stl
[0.125s] -- Up-to-date symlink: /home/shreyas/ros2_ws/install/my_robot_description/share/my_robot_description//meshes/left_arm/left_finger3_middle.stl
[0.125s] -- Up-to-date symlink: /home/shreyas/ros2_ws/install/my_robot_description/share/my_robot_description//meshes/left_arm/left_finger3_upper.stl
[0.125s] -- Up-to-date symlink: /home/shreyas/ros2_ws/install/my_robot_description/share/my_robot_description//meshes/left_arm/left_finger4_lower.stl
[0.125s] -- Up-to-date symlink: /home/shreyas/ros2_ws/install/my_robot_description/share/my_robot_description//meshes/left_arm/left_finger4_middle.stl
[0.125s] -- Up-to-date symlink: /home/shreyas/ros2_ws/install/my_robot_description/share/my_robot_description//meshes/left_arm/left_finger4_upper.stl
[0.126s] -- Up-to-date symlink: /home/shreyas/ros2_ws/install/my_robot_description/share/my_robot_description//meshes/left_arm/left_forarm_cover.stl
[0.126s] -- Up-to-date symlink: /home/shreyas/ros2_ws/install/my_robot_description/share/my_robot_description//meshes/left_arm/left_palm.stl
[0.126s] -- Up-to-date symlink: /home/shreyas/ros2_ws/install/my_robot_description/share/my_robot_description//meshes/left_arm/left_thomb_midle.stl
[0.127s] -- Up-to-date symlink: /home/shreyas/ros2_ws/install/my_robot_description/share/my_robot_description//meshes/left_arm/left_thomb_to_palm.stl
[0.127s] -- Up-to-date symlink: /home/shreyas/ros2_ws/install/my_robot_description/share/my_robot_description//meshes/left_arm/left_thomb_upper.stl
[0.127s] -- Up-to-date symlink: /home/shreyas/ros2_ws/install/my_robot_description/share/my_robot_description//meshes/left_arm/left_wrist.stl
[0.127s] -- Up-to-date symlink: /home/shreyas/ros2_ws/install/my_robot_description/share/my_robot_description//meshes/neck/neck.STL
[0.128s] -- Up-to-date symlink: /home/shreyas/ros2_ws/install/my_robot_description/share/my_robot_description//meshes/right_arm/.stl
[0.128s] -- Up-to-date symlink: /home/shreyas/ros2_ws/install/my_robot_description/share/my_robot_description//meshes/right_arm/right_Bisecp_lower.stl
[0.128s] -- Up-to-date symlink: /home/shreyas/ros2_ws/install/my_robot_description/share/my_robot_description//meshes/right_arm/right_S_to_Bisecp.stl
[0.129s] -- Up-to-date symlink: /home/shreyas/ros2_ws/install/my_robot_description/share/my_robot_description//meshes/right_arm/right_S_to_C.stl
[0.129s] -- Up-to-date symlink: /home/shreyas/ros2_ws/install/my_robot_description/share/my_robot_description//meshes/right_arm/right_bisecp_uper.stl
[0.130s] -- Up-to-date symlink: /home/shreyas/ros2_ws/install/my_robot_description/share/my_robot_description//meshes/right_arm/right_elbow_inword.stl
[0.130s] -- Up-to-date symlink: /home/shreyas/ros2_ws/install/my_robot_description/share/my_robot_description//meshes/right_arm/right_elbow_middle.stl
[0.130s] -- Up-to-date symlink: /home/shreyas/ros2_ws/install/my_robot_description/share/my_robot_description//meshes/right_arm/right_elbow_outword.stl
[0.130s] -- Up-to-date symlink: /home/shreyas/ros2_ws/install/my_robot_description/share/my_robot_description//meshes/right_arm/right_elbow_to_forarm_upper.stl
[0.130s] -- Up-to-date symlink: /home/shreyas/ros2_ws/install/my_robot_description/share/my_robot_description//meshes/right_arm/right_finger1_lower.stl
[0.131s] -- Up-to-date symlink: /home/shreyas/ros2_ws/install/my_robot_description/share/my_robot_description//meshes/right_arm/right_finger1_middle.stl
[0.131s] -- Up-to-date symlink: /home/shreyas/ros2_ws/install/my_robot_description/share/my_robot_description//meshes/right_arm/right_finger1_upper.stl
[0.131s] -- Up-to-date symlink: /home/shreyas/ros2_ws/install/my_robot_description/share/my_robot_description//meshes/right_arm/right_finger2_lower.stl
[0.131s] -- Up-to-date symlink: /home/shreyas/ros2_ws/install/my_robot_description/share/my_robot_description//meshes/right_arm/right_finger2_middle.stl
[0.131s] -- Up-to-date symlink: /home/shreyas/ros2_ws/install/my_robot_description/share/my_robot_description//meshes/right_arm/right_finger2_upper.stl
[0.132s] -- Up-to-date symlink: /home/shreyas/ros2_ws/install/my_robot_description/share/my_robot_description//meshes/right_arm/right_finger3_lower.stl
[0.132s] -- Up-to-date symlink: /home/shreyas/ros2_ws/install/my_robot_description/share/my_robot_description//meshes/right_arm/right_finger3_middle.stl
[0.132s] -- Up-to-date symlink: /home/shreyas/ros2_ws/install/my_robot_description/share/my_robot_description//meshes/right_arm/right_finger3_upper.stl
[0.132s] -- Up-to-date symlink: /home/shreyas/ros2_ws/install/my_robot_description/share/my_robot_description//meshes/right_arm/right_finger4_lower.stl
[0.132s] -- Up-to-date symlink: /home/shreyas/ros2_ws/install/my_robot_description/share/my_robot_description//meshes/right_arm/right_finger4_middle.stl
[0.132s] -- Up-to-date symlink: /home/shreyas/ros2_ws/install/my_robot_description/share/my_robot_description//meshes/right_arm/right_finger4_upper.stl
[0.133s] -- Up-to-date symlink: /home/shreyas/ros2_ws/install/my_robot_description/share/my_robot_description//meshes/right_arm/right_forarm_cover.stl
[0.133s] -- Up-to-date symlink: /home/shreyas/ros2_ws/install/my_robot_description/share/my_robot_description//meshes/right_arm/right_forarm_internal_support.stl
[0.133s] -- Up-to-date symlink: /home/shreyas/ros2_ws/install/my_robot_description/share/my_robot_description//meshes/right_arm/right_forarm_lower_1.stl
[0.133s] -- Up-to-date symlink: /home/shreyas/ros2_ws/install/my_robot_description/share/my_robot_description//meshes/right_arm/right_palm.stl
[0.133s] -- Up-to-date symlink: /home/shreyas/ros2_ws/install/my_robot_description/share/my_robot_description//meshes/right_arm/right_thomb_midle.stl
[0.134s] -- Up-to-date symlink: /home/shreyas/ros2_ws/install/my_robot_description/share/my_robot_description//meshes/right_arm/right_thomb_to_palm.stl
[0.134s] -- Up-to-date symlink: /home/shreyas/ros2_ws/install/my_robot_description/share/my_robot_description//meshes/right_arm/right_thomb_upper.stl
[0.134s] -- Up-to-date symlink: /home/shreyas/ros2_ws/install/my_robot_description/share/my_robot_description//meshes/right_arm/right_wrist.stl
[0.135s] -- Up-to-date symlink: /home/shreyas/ros2_ws/install/my_robot_description/share/my_robot_description//scripts/keyboard_teleop.py
[0.135s] -- Up-to-date symlink: /home/shreyas/ros2_ws/install/my_robot_description/share/ament_index/resource_index/package_run_dependencies/my_robot_description
[0.135s] -- Up-to-date symlink: /home/shreyas/ros2_ws/install/my_robot_description/share/ament_index/resource_index/parent_prefix_path/my_robot_description
[0.136s] -- Up-to-date symlink: /home/shreyas/ros2_ws/install/my_robot_description/share/my_robot_description/environment/ament_prefix_path.sh
[0.136s] -- Up-to-date symlink: /home/shreyas/ros2_ws/install/my_robot_description/share/my_robot_description/environment/ament_prefix_path.dsv
[0.136s] -- Up-to-date symlink: /home/shreyas/ros2_ws/install/my_robot_description/share/my_robot_description/environment/path.sh
[0.137s] -- Up-to-date symlink: /home/shreyas/ros2_ws/install/my_robot_description/share/my_robot_description/environment/path.dsv
[0.137s] -- Up-to-date symlink: /home/shreyas/ros2_ws/install/my_robot_description/share/my_robot_description/local_setup.bash
[0.137s] -- Up-to-date symlink: /home/shreyas/ros2_ws/install/my_robot_description/share/my_robot_description/local_setup.sh
[0.138s] -- Up-to-date symlink: /home/shreyas/ros2_ws/install/my_robot_description/share/my_robot_description/local_setup.zsh
[0.138s] -- Up-to-date symlink: /home/shreyas/ros2_ws/install/my_robot_description/share/my_robot_description/local_setup.dsv
[0.138s] -- Symlinking: /home/shreyas/ros2_ws/install/my_robot_description/share/my_robot_description/package.dsv
[0.153s] -- Up-to-date symlink: /home/shreyas/ros2_ws/install/my_robot_description/share/ament_index/resource_index/packages/my_robot_description
[0.153s] -- Up-to-date symlink: /home/shreyas/ros2_ws/install/my_robot_description/share/my_robot_description/cmake/my_robot_descriptionConfig.cmake
[0.153s] -- Up-to-date symlink: /home/shreyas/ros2_ws/install/my_robot_description/share/my_robot_description/cmake/my_robot_descriptionConfig-version.cmake
[0.153s] -- Up-to-date symlink: /home/shreyas/ros2_ws/install/my_robot_description/share/my_robot_description/package.xml
[0.156s] Invoked command in '/home/shreyas/ros2_ws/build/my_robot_description' returned '0': CMAKE_PREFIX_PATH=${CMAKE_PREFIX_PATH}:/opt/ros/humble /usr/bin/cmake --install /home/shreyas/ros2_ws/build/my_robot_description
